V/CWindowManagerService(  790): Eval win 0xaaf6c1c0: isDrawn=0, isAnimating=0
V/CWindowManagerService(  790): Not displayed: s=0xa731d090 pv=1 mDrawState=1 ah=0 th=0 a=0
V/CWindowManagerService(  790): Update reported visibility: AppWindowToken{AB2DB900 token=CActivityRecordToken{AB1B7808, ActivityRecord:ActivityRecord{0X-54e0cd80 u0 Elastos.DevSamples.ScrollViewDemo/.CActivityOne t1}}}
V/CWindowManagerService(  790): Win Window{AAF6C1C0 userId=0 Elastos.DevSamples.ScrollViewDemo/Elastos.DevSamples.ScrollViewDemo.CActivityOne}: isDrawn=0, isAnimating=0
V/CWindowManagerService(  790): Not displayed: s=0xa731d090 pv=1 mDrawState=1 ah=0 th=0 a=0
V/CWindowManagerService(  790): VIS AppWindowToken{AB2DB900 token=CActivityRecordToken{AB1B7808, ActivityRecord:ActivityRecord{0X-54e0cd80 u0 Elastos.DevSamples.ScrollViewDemo/.CActivityOne t1}}}: interesting=1, visible=0
V/ResourcesManager(  968): Skipping new config: curSeq=5, newSeq=5
D/touchmode(  968): ensureTouchModeLocally(1), current touch mode is 1
D/ViewRootImpl(  968):     ::ENTER >> ViewRootImpl::PerformMeasure(): viewId = 0xffffffff, IView* = 0xaada5d18
D/ViewRootImpl(  968):     ::LEAVE << ViewRootImpl::PerformMeasure(): viewId = 0xffffffff, IView* = 0xaada5d18
D/ViewRootImpl(  968):     ::ENTER >> ViewRootImpl::PerformLayout(): viewId = 0xffffffff, IView* = 0xaada5d18
E/CServiceManager(  968): Failed to get service accessibility, ec=800c0000
E/CServiceManager(  968): Failed to get service accessibility, ec=800c0000
E/CServiceManager(  968): Failed to get service accessibility, ec=800c0000
E/CServiceManager(  968): Failed to get service accessibility, ec=800c0000
E/CServiceManager(  968): Failed to get service accessibility, ec=800c0000
E/CServiceManager(  968): Failed to get service accessibility, ec=800c0000
D/ViewRootImpl(  968):     ::LEAVE << ViewRootImpl::PerformLayout(): viewId = 0xffffffff, IView* = 0xaada5d18
D/ViewRootImpl(  968): ======================================
D/ViewRootImpl(  968): performTraversals -- after setFrame
D/View    (  968):   + Object[0xaada5d00], Class[--]
D/View    (  968):       frame={0, 0, 1080, 1920} scroll={0, 0} 
D/View    (  968):       mMeasureWidth=1080 mMeasureHeight=1920
D/View    (  968): ViewGroup.LayoutParams={ width=match-parent, height=match-parent }
D/View    (  968):       flags={}
D/View    (  968):       privateFlags={IS_ROOT_NAMESPACE HAS_BOUNDS DRAWN}
D/ViewGroup(  968):       {
D/View    (  968):       + Object[0xaf26c600], Class[CLinearLayout]
D/View    (  968):           frame={0, 0, 1080, 1920} scroll={0, 0} 
D/View    (  968):           mMeasureWidth=1080 mMeasureHeight=1920
D/View    (  968): ViewGroup.LayoutParams={ width=match-parent, height=match-parent }
D/View    (  968):           flags={}
D/View    (  968):           privateFlags={HAS_BOUNDS}
D/ViewGroup(  968):           {
D/View    (  968):           + Object[0xadd05400], Class[CViewStub] (id=16909172)
D/View    (  968):               frame={0, 0, 0, 0} scroll={0, 0} 
D/View    (  968):               mMeasureWidth=0 mMeasureHeight=0
D/View    (  968): ViewGroup.LayoutParams={ width=match-parent, height=wrap-content }
D/View    (  968):               flags={GONE}
D/View    (  968):               privateFlags={DRAWN}
D/View    (  968):           + Object[0xaf26cf00], Class[CFrameLayout]
D/View    (  968):               frame={0, 0, 1080, 75} scroll={0, 0} 
D/View    (  968):               padding={12, 2, 12, 5}
D/View    (  968):               mMeasureWidth=1080 mMeasureHeight=75
D/View    (  968): ViewGroup.LayoutParams={ width=match-parent, height=75 }
D/View    (  968):               flags={}
D/View    (  968):               privateFlags={HAS_BOUNDS}
D/ViewGroup(  968):               {
D/View    (  968):               + Object[0xab2f5600], Class[CTextView] (id=16908310)
D/View    (  968):                   frame={12, 2, 1068, 70} scroll={0, 0} 
D/View    (  968):                   mMeasureWidth=1056 mMeasureHeight=68
D/View    (  968): ViewGroup.LayoutParams={ width=match-parent, height=match-parent }
D/View    (  968):                   flags={}
D/View    (  968):                   privateFlags={HAS_BOUNDS}
D/TextView(  968):                   frame={12, 2, 1068, 70} scroll={0, 0} mText="ScrollViewDemo" mLayout width=1048576 height=57
D/ViewGroup(  968):               }
D/View    (  968):           + Object[0xaf26d200], Class[CFrameLayout] (id=16908290)
D/View    (  968):               frame={0, 75, 1080, 1920} scroll={0, 0} 
D/View    (  968):               mMeasureWidth=1080 mMeasureHeight=1845
D/View    (  968): ViewGroup.LayoutParams={ width=match-parent, height=0 }
D/View    (  968):               flags={}
D/View    (  968):               privateFlags={HAS_BOUNDS}
D/ViewGroup(  968):               {
D/View    (  968):               + Object[0xaf26d500], Class[CLinearLayout]
D/View    (  968):                   frame={0, 0, 1080, 1845} scroll={0, 0} 
D/View    (  968):                   mMeasureWidth=1080 mMeasureHeight=1845
D/View    (  968): ViewGroup.LayoutParams={ width=match-parent, height=match-parent }
D/View    (  968):                   flags={}
D/View    (  968):                   privateFlags={HAS_BOUNDS}
D/ViewGroup(  968):               }
D/ViewGroup(  968):           }
D/ViewGroup(  968):       }
E/CServiceManager(  968): Failed to get service accessibility, ec=800c0000
D/ViewRootImpl(  968):     ::LEAVE << ViewRootImpl::PerformTraversals(): viewId = 0xffffffff, IView* = 0xaada5d18
D/touchmode(  968): ensureTouchModeLocally(1), current touch mode is 1
I/CWindowManagerService(  790): isVisibleOrAdding Window{AB254FC0 userId=0 KeyguardScrim}: 0
I/CWindowManagerService(  790):   mSurface=0x0 relayoutCalled=1 viewVis=8 policyVis=1 policyVisAfterAnim=1 attachHid=0 exiting=0 destroying=0
I/CWindowManagerService(  790): isVisibleOrAdding Window{AAF6C1C0 userId=0 Elastos.DevSamples.ScrollViewDemo/Elastos.DevSamples.ScrollViewDemo.CActivityOne}: 1
V/CWindowManagerService(  790): Desired input method target=Window{AAF6C1C0 userId=0 Elastos.DevSamples.ScrollViewDemo/Elastos.DevSamples.ScrollViewDemo.CActivityOne} willMove=0
I/CWindowManagerService(  790): Desired input method target: Window{AAF6C1C0 userId=0 Elastos.DevSamples.ScrollViewDemo/Elastos.DevSamples.ScrollViewDemo.CActivityOne}
I/CWindowManagerService(  790): Current focus: Window{AAF6C1C0 userId=0 Elastos.DevSamples.ScrollViewDemo/Elastos.DevSamples.ScrollViewDemo.CActivityOne}
I/CWindowManagerService(  790): Last focus: Window{AAF6C1C0 userId=0 Elastos.DevSamples.ScrollViewDemo/Elastos.DevSamples.ScrollViewDemo.CActivityOne}
I/CWindowManagerService(  790): IM target client: 0xaaf681d0
I/CWindowManagerService(  790): IM target client binder: 0xaaf681e4
I/CWindowManagerService(  790): Requesting client binder: 0xaaf681e4
V/CWindowManagerService(  790): Setting FocusedStackFrame to layer=21001
E/CServiceManager(  968): Failed to get service accessibility, ec=800c0000
V/ResourcesManager(  968): Skipping new config: curSeq=5, newSeq=5
D/ViewRootImpl(  968):     ::ENTER >> ViewRootImpl::PerformTraversals(): viewId = 0xffffffff, IView* = 0xaada5d18
D/ViewRootImpl(  968):     ::ENTER >> ViewRootImpl::PerformMeasure(): viewId = 0xffffffff, IView* = 0xaada5d18
D/ViewRootImpl(  968):     ::LEAVE << ViewRootImpl::PerformMeasure(): viewId = 0xffffffff, IView* = 0xaada5d18
D/ViewRootImpl(  968): ======================================
D/ViewRootImpl(  968): performTraversals -- after measure
D/ViewRootImpl(  968):     ::ENTER >> ViewRootImpl::PerformLayout(): viewId = 0xffffffff, IView* = 0xaada5d18
D/ViewRootImpl(  968):     ::LEAVE << ViewRootImpl::PerformLayout(): viewId = 0xffffffff, IView* = 0xaada5d18
D/ViewRootImpl(  968): ======================================
D/ViewRootImpl(  968): performTraversals -- after setFrame
D/View    (  968):   + Object[0xaada5d00], Class[--]
D/View    (  968):       frame={0, 0, 1080, 1920} scroll={0, 0} 
D/View    (  968):       mMeasureWidth=1080 mMeasureHeight=1920
D/View    (  968): ViewGroup.LayoutParams={ width=match-parent, height=match-parent }
D/View    (  968):       flags={}
D/View    (  968):       privateFlags={IS_ROOT_NAMESPACE HAS_BOUNDS DRAWN}
D/ViewGroup(  968):       {
D/View    (  968):       + Object[0xaf26c600], Class[CLinearLayout]
D/View    (  968):           frame={0, 0, 1080, 1920} scroll={0, 0} 
D/View    (  968):           mMeasureWidth=1080 mMeasureHeight=1920
D/View    (  968): ViewGroup.LayoutParams={ width=match-parent, height=match-parent }
D/View    (  968):           flags={}
D/View    (  968):           privateFlags={HAS_BOUNDS}
D/ViewGroup(  968):           {
D/View    (  968):           + Object[0xadd05400], Class[CViewStub] (id=16909172)
D/View    (  968):               frame={0, 0, 0, 0} scroll={0, 0} 
D/View    (  968):               mMeasureWidth=0 mMeasureHeight=0
D/View    (  968): ViewGroup.LayoutParams={ width=match-parent, height=wrap-content }
D/View    (  968):               flags={GONE}
D/View    (  968):               privateFlags={DRAWN}
D/View    (  968):           + Object[0xaf26cf00], Class[CFrameLayout]
D/View    (  968):               frame={0, 0, 1080, 75} scroll={0, 0} 
D/View    (  968):               padding={12, 2, 12, 5}
D/View    (  968):               mMeasureWidth=1080 mMeasureHeight=75
D/View    (  968): ViewGroup.LayoutParams={ width=match-parent, height=75 }
D/View    (  968):               flags={}
D/View    (  968):               privateFlags={HAS_BOUNDS}
D/ViewGroup(  968):               {
D/View    (  968):               + Object[0xab2f5600], Class[CTextView] (id=16908310)
D/View    (  968):                   frame={12, 2, 1068, 70} scroll={523760, 0} 
D/View    (  968):                   mMeasureWidth=1056 mMeasureHeight=68
D/View    (  968): ViewGroup.LayoutParams={ width=match-parent, height=match-parent }
D/View    (  968):                   flags={}
D/View    (  968):                   privateFlags={HAS_BOUNDS}
D/TextView(  968):                   frame={12, 2, 1068, 70} scroll={523760, 0} mText="ScrollViewDemo" mLayout width=1048576 height=57
D/ViewGroup(  968):               }
D/View    (  968):           + Object[0xaf26d200], Class[CFrameLayout] (id=16908290)
D/View    (  968):               frame={0, 75, 1080, 1920} scroll={0, 0} 
D/View    (  968):               mMeasureWidth=1080 mMeasureHeight=1845
D/View    (  968): ViewGroup.LayoutParams={ width=match-parent, height=0 }
D/View    (  968):               flags={}
D/View    (  968):               privateFlags={HAS_BOUNDS}
D/ViewGroup(  968):               {
D/View    (  968):               + Object[0xaf26d500], Class[CLinearLayout]
D/View    (  968):                   frame={0, 0, 1080, 1845} scroll={0, 0} 
D/View    (  968):                   mMeasureWidth=1080 mMeasureHeight=1845
D/View    (  968): ViewGroup.LayoutParams={ width=match-parent, height=match-parent }
D/View    (  968):                   flags={}
D/View    (  968):                   privateFlags={HAS_BOUNDS}
D/ViewGroup(  968):               }
D/ViewGroup(  968):           }
D/ViewGroup(  968):       }
D/ViewRootImpl(  968):     ::ENTER >> ViewRootImpl::PerformDraw(): viewId = 0xffffffff, IView* = 0xaada5d18
D/ViewRootImpl(  968):     ::ENTER << ViewRootImpl::Draw(): viewId = 0xffffffff, IView* = 0xaada5d18
D/ViewRootImpl(  968):     ::ENTER << ViewRootImpl::DrawSoftware(): viewId = 0xffffffff, IView* = 0xaada5d18
I/ViewRootImpl(  968):  ViewRootImpl::DrawSoftware xoff:0, yoff:0
D/ViewRootImpl(  968):     ::LEAVE << ViewRootImpl::DrawSoftware(): viewId = 0xffffffff, IView* = 0xaada5d18
D/ViewRootImpl(  968):     ::LEAVE << ViewRootImpl::Draw(): viewId = 0xffffffff, IView* = 0xaada5d18
E/CServiceManager(  790): Failed to get service accessibility, ec=800c0000
E/CServiceManager(  790): Failed to get service accessibility, ec=800c0000
I/PhoneWindowManager(  790): mDock rect: (0,0 - 1080,1920)
I/CWindowManagerService(  790): Window Window{AAF6C1C0 userId=0 Elastos.DevSamples.ScrollViewDemo/Elastos.DevSamples.ScrollViewDemo.CActivityOne} clearing mContentChanged - initial
E/CServiceManager(  790): Failed to get service accessibility, ec=800c0000
I/PhoneWindowManager(  790): Win Window{AAF6C1C0 userId=0 Elastos.DevSamples.ScrollViewDemo/Elastos.DevSamples.ScrollViewDemo.CActivityOne}: isVisibleOrBehindKeyguardLw=1
V/PhoneWindowManager(  790): Fullscreen window: Window{AAF6C1C0 userId=0 Elastos.DevSamples.ScrollViewDemo/Elastos.DevSamples.ScrollViewDemo.CActivityOne}
E/CServiceManager(  790): Failed to get service accessibility, ec=800c0000
V/CWindowManagerService(  790): Eval win 0xaaf6c1c0: isDrawn=1, isAnimating=0
V/CWindowManagerService(  790): tokenMayBeDrawn: 0xab2db900 freezingScreen=0 mAppFreezing=0
V/CWindowManagerService(  790): allDrawn: 0xab2db900 interesting=1 drawn=
D/ViewRootImpl(  968):     ::LEAVE << ViewRootImpl::PerformDraw(): viewId = 0xffffffff, IView* = 0xaada5d18
D/ViewRootImpl(  968):     ::LEAVE << ViewRootImpl::PerformTraversals(): viewId = 0xffffffff, IView* = 0xaada5d18
V/CActivityThread(  968): Reporting idle of ActivityRecord{0xab5da1a0 token=0xaf252ad4 {Elastos.DevSamples.ScrollViewDemo/Elastos.DevSamples.ScrollViewDemo.CActivityOne}} finished=
V/CWindowManagerService(  790): Update reported visibility: AppWindowToken{AB2DB900 token=CActivityRecordToken{AB1B7808, ActivityRecord:ActivityRecord{0X-54e0cd80 u0 Elastos.DevSamples.ScrollViewDemo/.CActivityOne t1}}}
V/CWindowManagerService(  790): Win Window{AAF6C1C0 userId=0 Elastos.DevSamples.ScrollViewDemo/Elastos.DevSamples.ScrollViewDemo.CActivityOne}: isDrawn=1, isAnimating=0
V/CWindowManagerService(  790): VIS AppWindowToken{AB2DB900 token=CActivityRecordToken{AB1B7808, ActivityRecord:ActivityRecord{0X-54e0cd80 u0 Elastos.DevSamples.ScrollViewDemo/.CActivityOne t1}}}: interesting=1, visible=1
V/CWindowManagerService(  790): Visibility changed in AppWindowToken{AB2DB900 token=CActivityRecordToken{AB1B7808, ActivityRecord:ActivityRecord{0X-54e0cd80 u0 Elastos.DevSamples.ScrollViewDemo/.CActivityOne t1}}}: vis=1
V/CWindowManagerService(  790): Setting FocusedStackFrame to layer=21001
V/CWindowManagerService(  790): Reporting drawn in AppWindowToken{AB2DB900 token=CActivityRecordToken{AB1B7808, ActivityRecord:ActivityRecord{0X-54e0cd80 u0 Elastos.DevSamples.ScrollViewDemo/.CActivityOne t1}}}
V/CWindowManagerService(  790): Reporting visible in AppWindowToken{AB2DB900 token=CActivityRecordToken{AB1B7808, ActivityRecord:ActivityRecord{0X-54e0cd80 u0 Elastos.DevSamples.ScrollViewDemo/.CActivityOne t1}}} visible=1 gone=0
I/Timeline(  790): Timeline: Activity_windows_visible id: ActivityRecord{0X-54e0cd80 u0 Elastos.DevSamples.ScrollViewDemo/.CActivityOne t1} time:15992
I/PhoneWindowManager(  790): Win Window{AAF6C1C0 userId=0 Elastos.DevSamples.ScrollViewDemo/Elastos.DevSamples.ScrollViewDemo.CActivityOne}: isVisibleOrBehindKeyguardLw=1
V/PhoneWindowManager(  790): Fullscreen window: Window{AAF6C1C0 userId=0 Elastos.DevSamples.ScrollViewDemo/Elastos.DevSamples.ScrollViewDemo.CActivityOne}
E/CServiceManager(  790): Failed to get service accessibility, ec=800c0000
V/CWindowManagerService(  790): Setting FocusedStackFrame to layer=21001
E/QC-QMI  (  280): qmi_qmux_open_connection: connection is disabled for conn_id=29
E/QC-QMI  (  280): qmi_qmux_tx_msg: failed to open inactive connd_id=29
E/QC-QMI  (  280): qmi_qmux: TX failed, connection inactive or in reset, conn_id=29, status_flags=4
E/QC-QMI  (  280): qmi_ctl_tx_msg: qmi_qmux_tx_msg failed
E/QC-QMI  (  280): qmi_ctl_handle_request: qmi_ctl_tx_msg call failed
E/QC-QMI  (  280): qmi_qmux_open_connection: connection is disabled for conn_id=29
E/QC-QMI  (  280): qmi_qmux_tx_msg: failed to open inactive connd_id=29
E/QC-QMI  (  280): qmi_qmux: TX failed, connection inactive or in reset, conn_id=29, status_flags=4
E/QC-QMI  (  280): qmi_ctl_tx_msg: qmi_qmux_tx_msg failed
E/QC-QMI  (  280): qmi_ctl_handle_request: qmi_ctl_tx_msg call failed
E/QC-QMI  (  280): qmi_qmux_open_connection: connection is disabled for conn_id=48
E/QC-QMI  (  280): qmi_qmux_tx_msg: failed to open inactive connd_id=48
E/QC-QMI  (  280): qmi_qmux: TX failed, connection inactive or in reset, conn_id=48, status_flags=4
E/QC-QMI  (  280): qmi_ctl_tx_msg: qmi_qmux_tx_msg failed
E/QC-QMI  (  280): qmi_ctl_handle_request: qmi_ctl_tx_msg call failed
E/QC-QMI  (  280): qmi_qmux_open_connection: connection is disabled for conn_id=48
E/QC-QMI  (  280): qmi_qmux_tx_msg: failed to open inactive connd_id=48
E/QC-QMI  (  280): qmi_qmux: TX failed, connection inactive or in reset, conn_id=48, status_flags=4
E/QC-QMI  (  280): qmi_ctl_tx_msg: qmi_qmux_tx_msg failed
E/QC-QMI  (  280): qmi_ctl_handle_request: qmi_ctl_tx_msg call failed
E/QC-QMI  (  280): qmi_qmux_open_connection: connection is disabled for conn_id=57
E/QC-QMI  (  280): qmi_qmux_tx_msg: failed to open inactive connd_id=57
E/QC-QMI  (  280): qmi_qmux: TX failed, connection inactive or in reset, conn_id=57, status_flags=4
E/QC-QMI  (  280): qmi_ctl_tx_msg: qmi_qmux_tx_msg failed
E/QC-QMI  (  280): qmi_ctl_handle_request: qmi_ctl_tx_msg call failed
E/QC-QMI  (  280): qmi_qmux_open_connection: connection is disabled for conn_id=57
E/QC-QMI  (  280): qmi_qmux_tx_msg: failed to open inactive connd_id=57
E/QC-QMI  (  280): qmi_qmux: TX failed, connection inactive or in reset, conn_id=57, status_flags=4
E/QC-QMI  (  280): qmi_ctl_tx_msg: qmi_qmux_tx_msg failed
E/QC-QMI  (  280): qmi_ctl_handle_request: qmi_ctl_tx_msg call failed
E/QC-QMI  (  280): qmi_qmux_open_connection: connection is disabled for conn_id=29
E/QC-QMI  (  280): qmi_qmux_tx_msg: failed to open inactive connd_id=29
E/QC-QMI  (  280): qmi_qmux: TX failed, connection inactive or in reset, conn_id=29, status_flags=4
E/QC-QMI  (  280): qmi_ctl_tx_msg: qmi_qmux_tx_msg failed
E/QC-QMI  (  280): qmi_ctl_handle_request: qmi_ctl_tx_msg call failed
E/QC-QMI  (  280): qmi_qmux_open_connection: connection is disabled for conn_id=29
E/QC-QMI  (  280): qmi_qmux_tx_msg: failed to open inactive connd_id=29
E/QC-QMI  (  280): qmi_qmux: TX failed, connection inactive or in reset, conn_id=29, status_flags=4
E/QC-QMI  (  280): qmi_ctl_tx_msg: qmi_qmux_tx_msg failed
E/QC-QMI  (  280): qmi_ctl_handle_request: qmi_ctl_tx_msg call failed
E/QC-QMI  (  280): qmi_qmux_open_connection: connection is disabled for conn_id=48
E/QC-QMI  (  280): qmi_qmux_tx_msg: failed to open inactive connd_id=48
E/QC-QMI  (  280): qmi_qmux: TX failed, connection inactive or in reset, conn_id=48, status_flags=4
E/QC-QMI  (  280): qmi_ctl_tx_msg: qmi_qmux_tx_msg failed
E/QC-QMI  (  280): qmi_ctl_handle_request: qmi_ctl_tx_msg call failed
E/QC-QMI  (  280): qmi_qmux_open_connection: connection is disabled for conn_id=48
E/QC-QMI  (  280): qmi_qmux_tx_msg: failed to open inactive connd_id=48
E/QC-QMI  (  280): qmi_qmux: TX failed, connection inactive or in reset, conn_id=48, status_flags=4
E/QC-QMI  (  280): qmi_ctl_tx_msg: qmi_qmux_tx_msg failed
E/QC-QMI  (  280): qmi_ctl_handle_request: qmi_ctl_tx_msg call failed
E/QC-QMI  (  280): qmi_qmux_open_connection: connection is disabled for conn_id=57
E/QC-QMI  (  280): qmi_qmux_tx_msg: failed to open inactive connd_id=57
E/QC-QMI  (  280): qmi_qmux: TX failed, connection inactive or in reset, conn_id=57, status_flags=4
E/QC-QMI  (  280): qmi_ctl_tx_msg: qmi_qmux_tx_msg failed
E/QC-QMI  (  280): qmi_ctl_handle_request: qmi_ctl_tx_msg call failed
E/QC-QMI  (  280): qmi_qmux_open_connection: connection is disabled for conn_id=57
E/QC-QMI  (  280): qmi_qmux_tx_msg: failed to open inactive connd_id=57
E/QC-QMI  (  280): qmi_qmux: TX failed, connection inactive or in reset, conn_id=57, status_flags=4
E/QC-QMI  (  280): qmi_ctl_tx_msg: qmi_qmux_tx_msg failed
E/QC-QMI  (  280): qmi_ctl_handle_request: qmi_ctl_tx_msg call failed
E/QC-QMI  (  280): qmi_qmux_open_connection: connection is disabled for conn_id=29
E/QC-QMI  (  280): qmi_qmux_tx_msg: failed to open inactive connd_id=29
E/QC-QMI  (  280): qmi_qmux: TX failed, connection inactive or in reset, conn_id=29, status_flags=4
E/QC-QMI  (  280): qmi_ctl_tx_msg: qmi_qmux_tx_msg failed
E/QC-QMI  (  280): qmi_ctl_handle_request: qmi_ctl_tx_msg call failed
E/QC-QMI  (  280): qmi_qmux_open_connection: connection is disabled for conn_id=29
E/QC-QMI  (  280): qmi_qmux_tx_msg: failed to open inactive connd_id=29
E/QC-QMI  (  280): qmi_qmux: TX failed, connection inactive or in reset, conn_id=29, status_flags=4
E/QC-QMI  (  280): qmi_ctl_tx_msg: qmi_qmux_tx_msg failed
E/QC-QMI  (  280): qmi_ctl_handle_request: qmi_ctl_tx_msg call failed
E/QC-QMI  (  280): qmi_qmux_open_connection: connection is disabled for conn_id=48
E/QC-QMI  (  280): qmi_qmux_tx_msg: failed to open inactive connd_id=48
E/QC-QMI  (  280): qmi_qmux: TX failed, connection inactive or in reset, conn_id=48, status_flags=4
E/QC-QMI  (  280): qmi_ctl_tx_msg: qmi_qmux_tx_msg failed
E/QC-QMI  (  280): qmi_ctl_handle_request: qmi_ctl_tx_msg call failed
E/QC-QMI  (  280): qmi_qmux_open_connection: connection is disabled for conn_id=48
E/QC-QMI  (  280): qmi_qmux_tx_msg: failed to open inactive connd_id=48
E/QC-QMI  (  280): qmi_qmux: TX failed, connection inactive or in reset, conn_id=48, status_flags=4
E/QC-QMI  (  280): qmi_ctl_tx_msg: qmi_qmux_tx_msg failed
E/QC-QMI  (  280): qmi_ctl_handle_request: qmi_ctl_tx_msg call failed
E/QC-QMI  (  280): qmi_qmux_open_connection: connection is disabled for conn_id=57
E/QC-QMI  (  280): qmi_qmux_tx_msg: failed to open inactive connd_id=57
E/QC-QMI  (  280): qmi_qmux: TX failed, connection inactive or in reset, conn_id=57, status_flags=4
E/QC-QMI  (  280): qmi_ctl_tx_msg: qmi_qmux_tx_msg failed
E/QC-QMI  (  280): qmi_ctl_handle_request: qmi_ctl_tx_msg call failed
E/QC-QMI  (  280): qmi_qmux_open_connection: connection is disabled for conn_id=57
E/QC-QMI  (  280): qmi_qmux_tx_msg: failed to open inactive connd_id=57
E/QC-QMI  (  280): qmi_qmux: TX failed, connection inactive or in reset, conn_id=57, status_flags=4
E/QC-QMI  (  280): qmi_ctl_tx_msg: qmi_qmux_tx_msg failed
E/QC-QMI  (  280): qmi_ctl_handle_request: qmi_ctl_tx_msg call failed
I/ServiceManager(  274): Waiting for service batterystats...
E/QC-QMI  (  280): qmi_qmux_open_connection: connection is disabled for conn_id=29
E/QC-QMI  (  280): qmi_qmux_tx_msg: failed to open inactive connd_id=29
E/QC-QMI  (  280): qmi_qmux: TX failed, connection inactive or in reset, conn_id=29, status_flags=4
E/QC-QMI  (  280): qmi_ctl_tx_msg: qmi_qmux_tx_msg failed
E/QC-QMI  (  280): qmi_ctl_handle_request: qmi_ctl_tx_msg call failed
E/QC-QMI  (  280): qmi_qmux_open_connection: connection is disabled for conn_id=29
E/QC-QMI  (  280): qmi_qmux_tx_msg: failed to open inactive connd_id=29
E/QC-QMI  (  280): qmi_qmux: TX failed, connection inactive or in reset, conn_id=29, status_flags=4
E/QC-QMI  (  280): qmi_ctl_tx_msg: qmi_qmux_tx_msg failed
E/QC-QMI  (  280): qmi_ctl_handle_request: qmi_ctl_tx_msg call failed
E/QC-QMI  (  280): qmi_qmux_open_connection: connection is disabled for conn_id=48
E/QC-QMI  (  280): qmi_qmux_tx_msg: failed to open inactive connd_id=48
E/QC-QMI  (  280): qmi_qmux: TX failed, connection inactive or in reset, conn_id=48, status_flags=4
E/QC-QMI  (  280): qmi_ctl_tx_msg: qmi_qmux_tx_msg failed
E/QC-QMI  (  280): qmi_ctl_handle_request: qmi_ctl_tx_msg call failed
E/QC-QMI  (  280): qmi_qmux_open_connection: connection is disabled for conn_id=48
E/QC-QMI  (  280): qmi_qmux_tx_msg: failed to open inactive connd_id=48
E/QC-QMI  (  280): qmi_qmux: TX failed, connection inactive or in reset, conn_id=48, status_flags=4
E/QC-QMI  (  280): qmi_ctl_tx_msg: qmi_qmux_tx_msg failed
E/QC-QMI  (  280): qmi_ctl_handle_request: qmi_ctl_tx_msg call failed
E/QC-QMI  (  280): qmi_qmux_open_connection: connection is disabled for conn_id=57
E/QC-QMI  (  280): qmi_qmux_tx_msg: failed to open inactive connd_id=57
E/QC-QMI  (  280): qmi_qmux: TX failed, connection inactive or in reset, conn_id=57, status_flags=4
E/QC-QMI  (  280): qmi_ctl_tx_msg: qmi_qmux_tx_msg failed
E/QC-QMI  (  280): qmi_ctl_handle_request: qmi_ctl_tx_msg call failed
E/QC-QMI  (  280): qmi_qmux_open_connection: connection is disabled for conn_id=57
E/QC-QMI  (  280): qmi_qmux_tx_msg: failed to open inactive connd_id=57
E/QC-QMI  (  280): qmi_qmux: TX failed, connection inactive or in reset, conn_id=57, status_flags=4
E/QC-QMI  (  280): qmi_ctl_tx_msg: qmi_qmux_tx_msg failed
E/QC-QMI  (  280): qmi_ctl_handle_request: qmi_ctl_tx_msg call failed
E/QC-QMI  (  280): qmi_qmux_open_connection: connection is disabled for conn_id=29
E/QC-QMI  (  280): qmi_qmux_tx_msg: failed to open inactive connd_id=29
E/QC-QMI  (  280): qmi_qmux: TX failed, connection inactive or in reset, conn_id=29, status_flags=4
E/QC-QMI  (  280): qmi_ctl_tx_msg: qmi_qmux_tx_msg failed
E/QC-QMI  (  280): qmi_ctl_handle_request: qmi_ctl_tx_msg call failed
E/QC-QMI  (  280): qmi_qmux_open_connection: connection is disabled for conn_id=29
E/QC-QMI  (  280): qmi_qmux_tx_msg: failed to open inactive connd_id=29
E/QC-QMI  (  280): qmi_qmux: TX failed, connection inactive or in reset, conn_id=29, status_flags=4
E/QC-QMI  (  280): qmi_ctl_tx_msg: qmi_qmux_tx_msg failed
E/QC-QMI  (  280): qmi_ctl_handle_request: qmi_ctl_tx_msg call failed
E/QC-QMI  (  280): qmi_qmux_open_connection: connection is disabled for conn_id=48
E/QC-QMI  (  280): qmi_qmux_tx_msg: failed to open inactive connd_id=48
E/QC-QMI  (  280): qmi_qmux: TX failed, connection inactive or in reset, conn_id=48, status_flags=4
E/QC-QMI  (  280): qmi_ctl_tx_msg: qmi_qmux_tx_msg failed
E/QC-QMI  (  280): qmi_ctl_handle_request: qmi_ctl_tx_msg call failed
E/QC-QMI  (  280): qmi_qmux_open_connection: connection is disabled for conn_id=48
E/QC-QMI  (  280): qmi_qmux_tx_msg: failed to open inactive connd_id=48
E/QC-QMI  (  280): qmi_qmux: TX failed, connection inactive or in reset, conn_id=48, status_flags=4
E/QC-QMI  (  280): qmi_ctl_tx_msg: qmi_qmux_tx_msg failed
E/QC-QMI  (  280): qmi_ctl_handle_request: qmi_ctl_tx_msg call failed
E/QC-QMI  (  280): qmi_qmux_open_connection: connection is disabled for conn_id=57
E/QC-QMI  (  280): qmi_qmux_tx_msg: failed to open inactive connd_id=57
E/QC-QMI  (  280): qmi_qmux: TX failed, connection inactive or in reset, conn_id=57, status_flags=4
E/QC-QMI  (  280): qmi_ctl_tx_msg: qmi_qmux_tx_msg failed
E/QC-QMI  (  280): qmi_ctl_handle_request: qmi_ctl_tx_msg call failed
E/QC-QMI  (  280): qmi_qmux_open_connection: connection is disabled for conn_id=57
E/QC-QMI  (  280): qmi_qmux_tx_msg: failed to open inactive connd_id=57
E/QC-QMI  (  280): qmi_qmux: TX failed, connection inactive or in reset, conn_id=57, status_flags=4
E/QC-QMI  (  280): qmi_ctl_tx_msg: qmi_qmux_tx_msg failed
E/QC-QMI  (  280): qmi_ctl_handle_request: qmi_ctl_tx_msg call failed
E/QC-QMI  (  280): qmi_qmux_open_connection: connection is disabled for conn_id=29
E/QC-QMI  (  280): qmi_qmux_tx_msg: failed to open inactive connd_id=29
E/QC-QMI  (  280): qmi_qmux: TX failed, connection inactive or in reset, conn_id=29, status_flags=4
E/QC-QMI  (  280): qmi_ctl_tx_msg: qmi_qmux_tx_msg failed
E/QC-QMI  (  280): qmi_ctl_handle_request: qmi_ctl_tx_msg call failed
E/QC-QMI  (  280): qmi_qmux_open_connection: connection is disabled for conn_id=29
E/QC-QMI  (  280): qmi_qmux_tx_msg: failed to open inactive connd_id=29
E/QC-QMI  (  280): qmi_qmux: TX failed, connection inactive or in reset, conn_id=29, status_flags=4
E/QC-QMI  (  280): qmi_ctl_tx_msg: qmi_qmux_tx_msg failed
E/QC-QMI  (  280): qmi_ctl_handle_request: qmi_ctl_tx_msg call failed
E/QC-QMI  (  280): qmi_qmux_open_connection: connection is disabled for conn_id=48
E/QC-QMI  (  280): qmi_qmux_tx_msg: failed to open inactive connd_id=48
E/QC-QMI  (  280): qmi_qmux: TX failed, connection inactive or in reset, conn_id=48, status_flags=4
E/QC-QMI  (  280): qmi_ctl_tx_msg: qmi_qmux_tx_msg failed
E/QC-QMI  (  280): qmi_ctl_handle_request: qmi_ctl_tx_msg call failed
E/QC-QMI  (  280): qmi_qmux_open_connection: connection is disabled for conn_id=48
E/QC-QMI  (  280): qmi_qmux_tx_msg: failed to open inactive connd_id=48
E/QC-QMI  (  280): qmi_qmux: TX failed, connection inactive or in reset, conn_id=48, status_flags=4
E/QC-QMI  (  280): qmi_ctl_tx_msg: qmi_qmux_tx_msg failed
E/QC-QMI  (  280): qmi_ctl_handle_request: qmi_ctl_tx_msg call failed
E/QC-QMI  (  280): qmi_qmux_open_connection: connection is disabled for conn_id=57
E/QC-QMI  (  280): qmi_qmux_tx_msg: failed to open inactive connd_id=57
E/QC-QMI  (  280): qmi_qmux: TX failed, connection inactive or in reset, conn_id=57, status_flags=4
E/QC-QMI  (  280): qmi_ctl_tx_msg: qmi_qmux_tx_msg failed
E/QC-QMI  (  280): qmi_ctl_handle_request: qmi_ctl_tx_msg call failed
E/QC-QMI  (  280): qmi_qmux_open_connection: connection is disabled for conn_id=57
E/QC-QMI  (  280): qmi_qmux_tx_msg: failed to open inactive connd_id=57
E/QC-QMI  (  280): qmi_qmux: TX failed, connection inactive or in reset, conn_id=57, status_flags=4
E/QC-QMI  (  280): qmi_ctl_tx_msg: qmi_qmux_tx_msg failed
E/QC-QMI  (  280): qmi_ctl_handle_request: qmi_ctl_tx_msg call failed
I/ServiceManager(  274): Waiting for service batterystats...
E/QC-QMI  (  280): qmi_qmux_open_connection: connection is disabled for conn_id=29
E/QC-QMI  (  280): qmi_qmux_tx_msg: failed to open inactive connd_id=29
E/QC-QMI  (  280): qmi_qmux: TX failed, connection inactive or in reset, conn_id=29, status_flags=4
E/QC-QMI  (  280): qmi_ctl_tx_msg: qmi_qmux_tx_msg failed
E/QC-QMI  (  280): qmi_ctl_handle_request: qmi_ctl_tx_msg call failed
E/QC-QMI  (  280): qmi_qmux_open_connection: connection is disabled for conn_id=29
E/QC-QMI  (  280): qmi_qmux_tx_msg: failed to open inactive connd_id=29
E/QC-QMI  (  280): qmi_qmux: TX failed, connection inactive or in reset, conn_id=29, status_flags=4
E/QC-QMI  (  280): qmi_ctl_tx_msg: qmi_qmux_tx_msg failed
E/QC-QMI  (  280): qmi_ctl_handle_request: qmi_ctl_tx_msg call failed
E/QC-QMI  (  280): qmi_qmux_open_connection: connection is disabled for conn_id=48
E/QC-QMI  (  280): qmi_qmux_tx_msg: failed to open inactive connd_id=48
E/QC-QMI  (  280): qmi_qmux: TX failed, connection inactive or in reset, conn_id=48, status_flags=4
E/QC-QMI  (  280): qmi_ctl_tx_msg: qmi_qmux_tx_msg failed
E/QC-QMI  (  280): qmi_ctl_handle_request: qmi_ctl_tx_msg call failed
E/QC-QMI  (  280): qmi_qmux_open_connection: connection is disabled for conn_id=48
E/QC-QMI  (  280): qmi_qmux_tx_msg: failed to open inactive connd_id=48
E/QC-QMI  (  280): qmi_qmux: TX failed, connection inactive or in reset, conn_id=48, status_flags=4
E/QC-QMI  (  280): qmi_ctl_tx_msg: qmi_qmux_tx_msg failed
E/QC-QMI  (  280): qmi_ctl_handle_request: qmi_ctl_tx_msg call failed
E/QC-QMI  (  280): qmi_qmux_open_connection: connection is disabled for conn_id=57
E/QC-QMI  (  280): qmi_qmux_tx_msg: failed to open inactive connd_id=57
E/QC-QMI  (  280): qmi_qmux: TX failed, connection inactive or in reset, conn_id=57, status_flags=4
E/QC-QMI  (  280): qmi_ctl_tx_msg: qmi_qmux_tx_msg failed
E/QC-QMI  (  280): qmi_ctl_handle_request: qmi_ctl_tx_msg call failed
E/QC-QMI  (  280): qmi_qmux_open_connection: connection is disabled for conn_id=57
E/QC-QMI  (  280): qmi_qmux_tx_msg: failed to open inactive connd_id=57
E/QC-QMI  (  280): qmi_qmux: TX failed, connection inactive or in reset, conn_id=57, status_flags=4
E/QC-QMI  (  280): qmi_ctl_tx_msg: qmi_qmux_tx_msg failed
E/QC-QMI  (  280): qmi_ctl_handle_request: qmi_ctl_tx_msg call failed
E/QC-QMI  (  280): qmi_qmux_open_connection: connection is disabled for conn_id=29
E/QC-QMI  (  280): qmi_qmux_tx_msg: failed to open inactive connd_id=29
E/QC-QMI  (  280): qmi_qmux: TX failed, connection inactive or in reset, conn_id=29, status_flags=4
E/QC-QMI  (  280): qmi_ctl_tx_msg: qmi_qmux_tx_msg failed
E/QC-QMI  (  280): qmi_ctl_handle_request: qmi_ctl_tx_msg call failed
E/QC-QMI  (  280): qmi_qmux_open_connection: connection is disabled for conn_id=29
E/QC-QMI  (  280): qmi_qmux_tx_msg: failed to open inactive connd_id=29
E/QC-QMI  (  280): qmi_qmux: TX failed, connection inactive or in reset, conn_id=29, status_flags=4
E/QC-QMI  (  280): qmi_ctl_tx_msg: qmi_qmux_tx_msg failed
E/QC-QMI  (  280): qmi_ctl_handle_request: qmi_ctl_tx_msg call failed
E/QC-QMI  (  280): qmi_qmux_open_connection: connection is disabled for conn_id=48
E/QC-QMI  (  280): qmi_qmux_tx_msg: failed to open inactive connd_id=48
E/QC-QMI  (  280): qmi_qmux: TX failed, connection inactive or in reset, conn_id=48, status_flags=4
E/QC-QMI  (  280): qmi_ctl_tx_msg: qmi_qmux_tx_msg failed
E/QC-QMI  (  280): qmi_ctl_handle_request: qmi_ctl_tx_msg call failed
E/QC-QMI  (  280): qmi_qmux_open_connection: connection is disabled for conn_id=48
E/QC-QMI  (  280): qmi_qmux_tx_msg: failed to open inactive connd_id=48
E/QC-QMI  (  280): qmi_qmux: TX failed, connection inactive or in reset, conn_id=48, status_flags=4
E/QC-QMI  (  280): qmi_ctl_tx_msg: qmi_qmux_tx_msg failed
E/QC-QMI  (  280): qmi_ctl_handle_request: qmi_ctl_tx_msg call failed
E/QC-QMI  (  280): qmi_qmux_open_connection: connection is disabled for conn_id=57
E/QC-QMI  (  280): qmi_qmux_tx_msg: failed to open inactive connd_id=57
E/QC-QMI  (  280): qmi_qmux: TX failed, connection inactive or in reset, conn_id=57, status_flags=4
E/QC-QMI  (  280): qmi_ctl_tx_msg: qmi_qmux_tx_msg failed
E/QC-QMI  (  280): qmi_ctl_handle_request: qmi_ctl_tx_msg call failed
E/QC-QMI  (  280): qmi_qmux_open_connection: connection is disabled for conn_id=57
E/QC-QMI  (  280): qmi_qmux_tx_msg: failed to open inactive connd_id=57
E/QC-QMI  (  280): qmi_qmux: TX failed, connection inactive or in reset, conn_id=57, status_flags=4
E/QC-QMI  (  280): qmi_ctl_tx_msg: qmi_qmux_tx_msg failed
E/QC-QMI  (  280): qmi_ctl_handle_request: qmi_ctl_tx_msg call failed
E/QC-QMI  (  280): qmi_qmux_open_connection: connection is disabled for conn_id=29
E/QC-QMI  (  280): qmi_qmux_tx_msg: failed to open inactive connd_id=29
E/QC-QMI  (  280): qmi_qmux: TX failed, connection inactive or in reset, conn_id=29, status_flags=4
E/QC-QMI  (  280): qmi_ctl_tx_msg: qmi_qmux_tx_msg failed
E/QC-QMI  (  280): qmi_ctl_handle_request: qmi_ctl_tx_msg call failed
E/QC-QMI  (  280): qmi_qmux_open_connection: connection is disabled for conn_id=29
E/QC-QMI  (  280): qmi_qmux_tx_msg: failed to open inactive connd_id=29
E/QC-QMI  (  280): qmi_qmux: TX failed, connection inactive or in reset, conn_id=29, status_flags=4
E/QC-QMI  (  280): qmi_ctl_tx_msg: qmi_qmux_tx_msg failed
E/QC-QMI  (  280): qmi_ctl_handle_request: qmi_ctl_tx_msg call failed
E/QC-QMI  (  280): qmi_qmux_open_connection: connection is disabled for conn_id=48
E/QC-QMI  (  280): qmi_qmux_tx_msg: failed to open inactive connd_id=48
E/QC-QMI  (  280): qmi_qmux: TX failed, connection inactive or in reset, conn_id=48, status_flags=4
E/QC-QMI  (  280): qmi_ctl_tx_msg: qmi_qmux_tx_msg failed
E/QC-QMI  (  280): qmi_ctl_handle_request: qmi_ctl_tx_msg call failed
E/QC-QMI  (  280): qmi_qmux_open_connection: connection is disabled for conn_id=48
E/QC-QMI  (  280): qmi_qmux_tx_msg: failed to open inactive connd_id=48
E/QC-QMI  (  280): qmi_qmux: TX failed, connection inactive or in reset, conn_id=48, status_flags=4
E/QC-QMI  (  280): qmi_ctl_tx_msg: qmi_qmux_tx_msg failed
E/QC-QMI  (  280): qmi_ctl_handle_request: qmi_ctl_tx_msg call failed
E/QC-QMI  (  280): qmi_qmux_open_connection: connection is disabled for conn_id=57
E/QC-QMI  (  280): qmi_qmux_tx_msg: failed to open inactive connd_id=57
E/QC-QMI  (  280): qmi_qmux: TX failed, connection inactive or in reset, conn_id=57, status_flags=4
E/QC-QMI  (  280): qmi_ctl_tx_msg: qmi_qmux_tx_msg failed
E/QC-QMI  (  280): qmi_ctl_handle_request: qmi_ctl_tx_msg call failed
E/QC-QMI  (  280): qmi_qmux_open_connection: connection is disabled for conn_id=57
E/QC-QMI  (  280): qmi_qmux_tx_msg: failed to open inactive connd_id=57
E/QC-QMI  (  280): qmi_qmux: TX failed, connection inactive or in reset, conn_id=57, status_flags=4
E/QC-QMI  (  280): qmi_ctl_tx_msg: qmi_qmux_tx_msg failed
E/QC-QMI  (  280): qmi_ctl_handle_request: qmi_ctl_tx_msg call failed
I/ServiceManager(  274): Waiting for service batterystats...
E/QC-QMI  (  280): qmi_qmux_open_connection: connection is disabled for conn_id=29
E/QC-QMI  (  280): qmi_qmux_tx_msg: failed to open inactive connd_id=29
E/QC-QMI  (  280): qmi_qmux: TX failed, connection inactive or in reset, conn_id=29, status_flags=4
E/QC-QMI  (  280): qmi_ctl_tx_msg: qmi_qmux_tx_msg failed
E/QC-QMI  (  280): qmi_ctl_handle_request: qmi_ctl_tx_msg call failed
E/QC-QMI  (  280): qmi_qmux_open_connection: connection is disabled for conn_id=29
E/QC-QMI  (  280): qmi_qmux_tx_msg: failed to open inactive connd_id=29
E/QC-QMI  (  280): qmi_qmux: TX failed, connection inactive or in reset, conn_id=29, status_flags=4
E/QC-QMI  (  280): qmi_ctl_tx_msg: qmi_qmux_tx_msg failed
E/QC-QMI  (  280): qmi_ctl_handle_request: qmi_ctl_tx_msg call failed
E/QC-QMI  (  280): qmi_qmux_open_connection: connection is disabled for conn_id=48
E/QC-QMI  (  280): qmi_qmux_tx_msg: failed to open inactive connd_id=48
E/QC-QMI  (  280): qmi_qmux: TX failed, connection inactive or in reset, conn_id=48, status_flags=4
E/QC-QMI  (  280): qmi_ctl_tx_msg: qmi_qmux_tx_msg failed
E/QC-QMI  (  280): qmi_ctl_handle_request: qmi_ctl_tx_msg call failed
E/QC-QMI  (  280): qmi_qmux_open_connection: connection is disabled for conn_id=48
E/QC-QMI  (  280): qmi_qmux_tx_msg: failed to open inactive connd_id=48
E/QC-QMI  (  280): qmi_qmux: TX failed, connection inactive or in reset, conn_id=48, status_flags=4
E/QC-QMI  (  280): qmi_ctl_tx_msg: qmi_qmux_tx_msg failed
E/QC-QMI  (  280): qmi_ctl_handle_request: qmi_ctl_tx_msg call failed
E/QC-QMI  (  280): qmi_qmux_open_connection: connection is disabled for conn_id=57
E/QC-QMI  (  280): qmi_qmux_tx_msg: failed to open inactive connd_id=57
E/QC-QMI  (  280): qmi_qmux: TX failed, connection inactive or in reset, conn_id=57, status_flags=4
E/QC-QMI  (  280): qmi_ctl_tx_msg: qmi_qmux_tx_msg failed
E/QC-QMI  (  280): qmi_ctl_handle_request: qmi_ctl_tx_msg call failed
E/QC-QMI  (  280): qmi_qmux_open_connection: connection is disabled for conn_id=57
E/QC-QMI  (  280): qmi_qmux_tx_msg: failed to open inactive connd_id=57
E/QC-QMI  (  280): qmi_qmux: TX failed, connection inactive or in reset, conn_id=57, status_flags=4
E/QC-QMI  (  280): qmi_ctl_tx_msg: qmi_qmux_tx_msg failed
E/QC-QMI  (  280): qmi_ctl_handle_request: qmi_ctl_tx_msg call failed
E/QC-QMI  (  280): qmi_qmux_open_connection: connection is disabled for conn_id=29
E/QC-QMI  (  280): qmi_qmux_tx_msg: failed to open inactive connd_id=29
E/QC-QMI  (  280): qmi_qmux: TX failed, connection inactive or in reset, conn_id=29, status_flags=4
E/QC-QMI  (  280): qmi_ctl_tx_msg: qmi_qmux_tx_msg failed
E/QC-QMI  (  280): qmi_ctl_handle_request: qmi_ctl_tx_msg call failed
E/QC-QMI  (  280): qmi_qmux_open_connection: connection is disabled for conn_id=29
E/QC-QMI  (  280): qmi_qmux_tx_msg: failed to open inactive connd_id=29
E/QC-QMI  (  280): qmi_qmux: TX failed, connection inactive or in reset, conn_id=29, status_flags=4
E/QC-QMI  (  280): qmi_ctl_tx_msg: qmi_qmux_tx_msg failed
E/QC-QMI  (  280): qmi_ctl_handle_request: qmi_ctl_tx_msg call failed
E/QC-QMI  (  280): qmi_qmux_open_connection: connection is disabled for conn_id=48
E/QC-QMI  (  280): qmi_qmux_tx_msg: failed to open inactive connd_id=48
E/QC-QMI  (  280): qmi_qmux: TX failed, connection inactive or in reset, conn_id=48, status_flags=4
E/QC-QMI  (  280): qmi_ctl_tx_msg: qmi_qmux_tx_msg failed
E/QC-QMI  (  280): qmi_ctl_handle_request: qmi_ctl_tx_msg call failed
E/QC-QMI  (  280): qmi_qmux_open_connection: connection is disabled for conn_id=48
E/QC-QMI  (  280): qmi_qmux_tx_msg: failed to open inactive connd_id=48
E/QC-QMI  (  280): qmi_qmux: TX failed, connection inactive or in reset, conn_id=48, status_flags=4
E/QC-QMI  (  280): qmi_ctl_tx_msg: qmi_qmux_tx_msg failed
E/QC-QMI  (  280): qmi_ctl_handle_request: qmi_ctl_tx_msg call failed
E/QC-QMI  (  280): qmi_qmux_open_connection: connection is disabled for conn_id=57
E/QC-QMI  (  280): qmi_qmux_tx_msg: failed to open inactive connd_id=57
E/QC-QMI  (  280): qmi_qmux: TX failed, connection inactive or in reset, conn_id=57, status_flags=4
E/QC-QMI  (  280): qmi_ctl_tx_msg: qmi_qmux_tx_msg failed
E/QC-QMI  (  280): qmi_ctl_handle_request: qmi_ctl_tx_msg call failed
E/QC-QMI  (  280): qmi_qmux_open_connection: connection is disabled for conn_id=57
E/QC-QMI  (  280): qmi_qmux_tx_msg: failed to open inactive connd_id=57
E/QC-QMI  (  280): qmi_qmux: TX failed, connection inactive or in reset, conn_id=57, status_flags=4
E/QC-QMI  (  280): qmi_ctl_tx_msg: qmi_qmux_tx_msg failed
E/QC-QMI  (  280): qmi_ctl_handle_request: qmi_ctl_tx_msg call failed
E/QC-QMI  (  280): qmi_qmux_open_connection: connection is disabled for conn_id=29
E/QC-QMI  (  280): qmi_qmux_tx_msg: failed to open inactive connd_id=29
E/QC-QMI  (  280): qmi_qmux: TX failed, connection inactive or in reset, conn_id=29, status_flags=4
E/QC-QMI  (  280): qmi_ctl_tx_msg: qmi_qmux_tx_msg failed
E/QC-QMI  (  280): qmi_ctl_handle_request: qmi_ctl_tx_msg call failed
E/QC-QMI  (  280): qmi_qmux_open_connection: connection is disabled for conn_id=29
E/QC-QMI  (  280): qmi_qmux_tx_msg: failed to open inactive connd_id=29
E/QC-QMI  (  280): qmi_qmux: TX failed, connection inactive or in reset, conn_id=29, status_flags=4
E/QC-QMI  (  280): qmi_ctl_tx_msg: qmi_qmux_tx_msg failed
E/QC-QMI  (  280): qmi_ctl_handle_request: qmi_ctl_tx_msg call failed
E/QC-QMI  (  280): qmi_qmux_open_connection: connection is disabled for conn_id=48
E/QC-QMI  (  280): qmi_qmux_tx_msg: failed to open inactive connd_id=48
E/QC-QMI  (  280): qmi_qmux: TX failed, connection inactive or in reset, conn_id=48, status_flags=4
E/QC-QMI  (  280): qmi_ctl_tx_msg: qmi_qmux_tx_msg failed
E/QC-QMI  (  280): qmi_ctl_handle_request: qmi_ctl_tx_msg call failed
E/QC-QMI  (  280): qmi_qmux_open_connection: connection is disabled for conn_id=48
E/QC-QMI  (  280): qmi_qmux_tx_msg: failed to open inactive connd_id=48
E/QC-QMI  (  280): qmi_qmux: TX failed, connection inactive or in reset, conn_id=48, status_flags=4
E/QC-QMI  (  280): qmi_ctl_tx_msg: qmi_qmux_tx_msg failed
E/QC-QMI  (  280): qmi_ctl_handle_request: qmi_ctl_tx_msg call failed
E/QC-QMI  (  280): qmi_qmux_open_connection: connection is disabled for conn_id=57
E/QC-QMI  (  280): qmi_qmux_tx_msg: failed to open inactive connd_id=57
E/QC-QMI  (  280): qmi_qmux: TX failed, connection inactive or in reset, conn_id=57, status_flags=4
E/QC-QMI  (  280): qmi_ctl_tx_msg: qmi_qmux_tx_msg failed
E/QC-QMI  (  280): qmi_ctl_handle_request: qmi_ctl_tx_msg call failed
E/QC-QMI  (  280): qmi_qmux_open_connection: connection is disabled for conn_id=57
E/QC-QMI  (  280): qmi_qmux_tx_msg: failed to open inactive connd_id=57
E/QC-QMI  (  280): qmi_qmux: TX failed, connection inactive or in reset, conn_id=57, status_flags=4
E/QC-QMI  (  280): qmi_ctl_tx_msg: qmi_qmux_tx_msg failed
E/QC-QMI  (  280): qmi_ctl_handle_request: qmi_ctl_tx_msg call failed
I/ServiceManager(  274): Waiting for service batterystats...
E/QC-QMI  (  280): qmi_qmux_open_connection: connection is disabled for conn_id=29
E/QC-QMI  (  280): qmi_qmux_tx_msg: failed to open inactive connd_id=29
E/QC-QMI  (  280): qmi_qmux: TX failed, connection inactive or in reset, conn_id=29, status_flags=4
E/QC-QMI  (  280): qmi_ctl_tx_msg: qmi_qmux_tx_msg failed
E/QC-QMI  (  280): qmi_ctl_handle_request: qmi_ctl_tx_msg call failed
E/QC-QMI  (  280): qmi_qmux_open_connection: connection is disabled for conn_id=29
E/QC-QMI  (  280): qmi_qmux_tx_msg: failed to open inactive connd_id=29
E/QC-QMI  (  280): qmi_qmux: TX failed, connection inactive or in reset, conn_id=29, status_flags=4
E/QC-QMI  (  280): qmi_ctl_tx_msg: qmi_qmux_tx_msg failed
E/QC-QMI  (  280): qmi_ctl_handle_request: qmi_ctl_tx_msg call failed
E/QC-QMI  (  280): qmi_qmux_open_connection: connection is disabled for conn_id=48
E/QC-QMI  (  280): qmi_qmux_tx_msg: failed to open inactive connd_id=48
E/QC-QMI  (  280): qmi_qmux: TX failed, connection inactive or in reset, conn_id=48, status_flags=4
E/QC-QMI  (  280): qmi_ctl_tx_msg: qmi_qmux_tx_msg failed
E/QC-QMI  (  280): qmi_ctl_handle_request: qmi_ctl_tx_msg call failed
E/QC-QMI  (  280): qmi_qmux_open_connection: connection is disabled for conn_id=48
E/QC-QMI  (  280): qmi_qmux_tx_msg: failed to open inactive connd_id=48
E/QC-QMI  (  280): qmi_qmux: TX failed, connection inactive or in reset, conn_id=48