E/mm-camera-img(  377): img_core_get_comp:42] comp_index[2] role 1 name qcom.hdr
E/mm-camera-img(  377): img_core_get_comp:42] comp_index[3] role 1 name moto.hdr
E/mm-camera-img(  377): img_core_get_comp:42] comp_index[4] role 6 name moto.drsd
E/mm-camera-img(  377): img_core_get_comp:42] comp_index[5] role 2 name qcom.faceproc
E/mm-camera-img(  377): img_core_get_comp:42] comp_index[6] role 3 name qcom.cac
E/mm-camera-img(  377): img_core_get_comp:42] comp_index[7] role 4 name qcom.gen_frameproc
E/mm-camera-img(  377): img_core_get_comp:47] find component role 4 name qcom.gen_frameproc
E/mm-camera-img(  377): frameproc_comp_load:811] Error opening frameproc library libmmcamera_chromaflash_lib.so
E/mm-camera(  377): module_imgbase_init:1067] Error rc -6
E/mm-camera-img(  377): module_imglib_create_topology:644] Can not init the module imglib_chroma_flash
E/mm-camera-img(  377): img_core_get_comp:37] role 4 name qcom.gen_frameproc
E/mm-camera-img(  377): img_core_get_comp:42] comp_index[0] role 0 name qcom.wavelet
E/mm-camera-img(  377): img_core_get_comp:42] comp_index[1] role 0 name mot.morpho_nr
E/mm-camera-img(  377): img_core_get_comp:42] comp_index[2] role 1 name qcom.hdr
E/mm-camera-img(  377): img_core_get_comp:42] comp_index[3] role 1 name moto.hdr
E/mm-camera-img(  377): img_core_get_comp:42] comp_index[4] role 6 name moto.drsd
E/mm-camera-img(  377): img_core_get_comp:42] comp_index[5] role 2 name qcom.faceproc
E/mm-camera-img(  377): img_core_get_comp:42] comp_index[6] role 3 name qcom.cac
E/mm-camera-img(  377): img_core_get_comp:42] comp_index[7] role 4 name qcom.gen_frameproc
E/mm-camera-img(  377): img_core_get_comp:47] find component role 4 name qcom.gen_frameproc
E/mm-camera-img(  377): frameproc_comp_load:811] Error opening frameproc library libmmcamera_optizoom_lib.so
E/mm-camera(  377): module_imgbase_init:1067] Error rc -6
E/mm-camera-img(  377): module_imglib_create_topology:644] Can not init the module imglib_optizoom
E/mm-camera-img(  377): img_core_get_comp:37] role 4 name qcom.gen_frameproc
E/mm-camera-img(  377): img_core_get_comp:42] comp_index[0] role 0 name qcom.wavelet
E/mm-camera-img(  377): img_core_get_comp:42] comp_index[1] role 0 name mot.morpho_nr
E/mm-camera-img(  377): img_core_get_comp:42] comp_index[2] role 1 name qcom.hdr
E/mm-camera-img(  377): img_core_get_comp:42] comp_index[3] role 1 name moto.hdr
E/mm-camera-img(  377): img_core_get_comp:42] comp_index[4] role 6 name moto.drsd
E/mm-camera-img(  377): img_core_get_comp:42] comp_index[5] role 2 name qcom.faceproc
E/mm-camera-img(  377): img_core_get_comp:42] comp_index[6] role 3 name qcom.cac
E/mm-camera-img(  377): img_core_get_comp:42] comp_index[7] role 4 name qcom.gen_frameproc
E/mm-camera-img(  377): img_core_get_comp:47] find component role 4 name qcom.gen_frameproc
E/mm-camera-img(  377): frameproc_comp_load:811] Error opening frameproc library libmmcamera_ubifocus_lib.so
E/mm-camera(  377): module_imgbase_init:1067] Error rc -6
E/mm-camera-img(  377): module_imglib_create_topology:644] Can not init the module imglib_ubifocus
E/mm-camera-img(  377): module_imglib_create_dummy_port:1878 portname imglib_dymmy_d1_i0
E/mm-camera(  377): module_drsd_init:1523] 
E/mm-camera-img(  377): img_core_get_comp:37] role 6 name moto.drsd
E/mm-camera-img(  377): img_core_get_comp:42] comp_index[0] role 0 name qcom.wavelet
E/mm-camera-img(  377): img_core_get_comp:42] comp_index[1] role 0 name mot.morpho_nr
E/mm-camera-img(  377): img_core_get_comp:42] comp_index[2] role 1 name qcom.hdr
E/mm-camera-img(  377): img_core_get_comp:42] comp_index[3] role 1 name moto.hdr
E/mm-camera-img(  377): img_core_get_comp:42] comp_index[4] role 6 name moto.drsd
E/mm-camera-img(  377): img_core_get_comp:47] find component role 6 name moto.drsd
I/Adreno-EGL(  260): <qeglDrvAPI_eglInitialize:410>: EGL 1.4 QUALCOMM build: AU_LINUX_ANDROID_LA.BF.1.1.1.C2.05.00.00.046.002_msm8974_LA.BF.1.1.1.C2__release_AU ()
I/Adreno-EGL(  260): OpenGL ES Shader Compiler Version: E031.25.03.00
I/Adreno-EGL(  260): Build Date: 01/06/15 Tue
I/Adreno-EGL(  260): Local Branch: mybranch6793908
I/Adreno-EGL(  260): Remote Branch: quic/LA.BF.1.1.1.c2
I/Adreno-EGL(  260): Local Patches: NONE
I/Adreno-EGL(  260): Reconstruct Branch: AU_LINUX_ANDROID_LA.BF.1.1.1.C2.05.00.00.046.002 +  NOTHING
I/MDMCTBK (  272): NetlinkHandler, power_supply subsys
I/MDMCTBK (  272): NetlinkHandler, usbChargerStateChanged
I/MDMCTBK (  272): checkDefaultInst, current pid is = 272
I/MDMCTBK (  272): checkDefaultInst, pid match
I/MDMCTBK (  272): MdmCutbackHndler,readFromFile = /sys/class/power_supply/usb/online
I/MDMCTBK (  272): MdmCutbackHndler,readFromFile = /sys/class/power_supply/qpnp-dc/online
I/MDMCTBK (  272): NetlinkHandler, power_supply subsys
I/MDMCTBK (  272): NetlinkHandler, usbChargerStateChanged
I/MDMCTBK (  272): checkDefaultInst, current pid is = 272
I/MDMCTBK (  272): checkDefaultInst, pid match
I/MDMCTBK (  272): MdmCutbackHndler,readFromFile = /sys/class/power_supply/usb/online
I/MDMCTBK (  272): MdmCutbackHndler,usb, new_state =1
I/MDMCTBK (  272): MdmCutbackHndler Status: Qmi =0, cg=0, ep=0, vc=0, dc=0, cn=0, wf=0, mf=0, wfd=0, apm=1, usb=1, stopqmi=0
I/MDMCTBK (  272): set_property_value, Enter
I/MDMCTBK (  272): set_property_value, Values updated in the property=0,0,0,0,0,0,0,0,0,1,1,0
I/MDMCTBK (  272): set_property_value, Values updated in the property file Successfully
I/MDMCTBK (  272): set_property_value, Exit
I/MDMCTBK (  272): setSarCtrl:set SAR over QMI, conn:0, ep:0,wf:0, mf:0, chrg:1
I/MDMCTBK (  272): QMI SAR not opened yet... Save this info
I/MDMCTBK (  272): MdmCutbackHndler,readFromFile = /sys/class/power_supply/qpnp-dc/online
I/qdutils (  260): PartialUpdate status: Disabled
I/qdutils (  260): Left Align: 0
I/qdutils (  260): Width Align: 0
I/qdutils (  260): Top Align: 0
I/qdutils (  260): Height Align: 0
I/qdutils (  260): Min ROI Width: 0
I/qdutils (  260): Min ROI Height: 0
I/qdhwcomposer(  260): Initializing Qualcomm Hardware Composer
I/qdhwcomposer(  260): MDP version: 500
I/SurfaceFlinger(  260): Using composer version 1.4
I/qdhwcomposer(  260): hwc_registerProcs
I/qdhwcomposer(  260): Initializing UEVENT Thread
I/qdhwcomposer(  260): Initializing VSYNC Thread
D/qdhwcomposer(  260): hwc_getDisplayAttributes disp = 0, width = 1080
D/qdhwcomposer(  260): hwc_getDisplayAttributes disp = 0, height = 1920
I/SurfaceFlinger(  260): EGL information:
I/SurfaceFlinger(  260): vendor    : Android
I/SurfaceFlinger(  260): version   : 1.4 Android META-EGL
I/SurfaceFlinger(  260): extensions: EGL_KHR_get_all_proc_addresses EGL_ANDROID_presentation_time EGL_KHR_image EGL_KHR_image_base EGL_KHR_lock_surface EGL_KHR_gl_texture_2D_image EGL_KHR_gl_texture_cubemap_image EGL_KHR_gl_renderbuffer_image EGL_KHR_fence_sync EGL_KHR_create_context EGL_EXT_create_context_robustness EGL_ANDROID_image_native_buffer EGL_KHR_wait_sync EGL_ANDROID_recordable 
I/SurfaceFlinger(  260): Client API: OpenGL_ES
I/SurfaceFlinger(  260): EGLSurface: 8-8-8-8, config=0x5
I/qdhwcomposer(  260): vsync_loop: Reading event 0 for dpy 0 from /sys/class/graphics/fb0/vsync_event
I/qdhwcomposer(  260): vsync_loop: Reading event 1 for dpy 0 from /sys/class/graphics/fb0/show_blank_event
I/qdhwcomposer(  260): vsync_loop: Reading event 0 for dpy 1 from /sys/class/graphics/fb-1/vsync_event
I/qdhwcomposer(  260): vsync_loop: Reading event 1 for dpy 1 from /sys/class/graphics/fb-1/show_blank_event
I/MDMCTBK (  272): NetlinkHandler, power_supply subsys
I/MDMCTBK (  272): NetlinkHandler, usbChargerStateChanged
I/MDMCTBK (  272): checkDefaultInst, current pid is = 272
I/MDMCTBK (  272): checkDefaultInst, pid match
I/MDMCTBK (  272): MdmCutbackHndler,readFromFile = /sys/class/power_supply/usb/online
I/MDMCTBK (  272): MdmCutbackHndler,readFromFile = /sys/class/power_supply/qpnp-dc/online
I/MDMCTBK (  272): NetlinkHandler, power_supply subsys
I/MDMCTBK (  272): NetlinkHandler, usbChargerStateChanged
I/MDMCTBK (  272): checkDefaultInst, current pid is = 272
I/MDMCTBK (  272): checkDefaultInst, pid match
I/MDMCTBK (  272): MdmCutbackHndler,readFromFile = /sys/class/power_supply/usb/online
I/MDMCTBK (  272): MdmCutbackHndler,readFromFile = /sys/class/power_supply/qpnp-dc/online
D/CTelephonyManager(  297): /proc/cmdline=console=null androidboot.selinux=permissive androidboot.hardware=qcom msm_rtb.filter=0x37 ehci-hcd.park=3 vmalloc=400M utags.blkdev=/dev/block/platform/msm_sdcc.1/by-name/utags androidboot.bootdevice=msm_sdcc.1 androidboot.emmc=true androidboot.serialno=TA09005S21 androidboot.baseband=msm androidboot.mode=normal androidboot.device=victara_cn androidboot.hwrev=0x81B0 androidboot.radio=0x5 androidboot.powerup_reason=0x00004000 bootreason=reboot androidboot.write_protect=0 restart.download_mode=0 androidboot.fsg-id= androidboot.secure_hardware=1 androidboot.cid=0xB mdss_mdp.panel=1:dsi:0:qcom,mdss_dsi_mot_smd_1080p_cmd_v1 androidboot.bootloader=0x6012 androidboot.carrier=asia androidboot.build_vars=white androidboot.bl_state=2
D/QSEECOMAPI: (  264): Loaded image: APP id = 2
D/QSEECOMAPI: (  276): Loaded image: APP id = 2
E/QSEECOMD: (  773): Listener: index = 0, hierarchy = 1
E/QSEECOMD: (  773): Init dlopen(librpmb.so, RLTD_NOW) is failed....
E/QSEECOMD: (  773): Listener: index = 1, hierarchy = 1
E/QSEECOMD: (  773): Init dlopen(libssd.so, RLTD_NOW) is failed....
E/QSEECOMD: (  773): Listener: index = 2, hierarchy = 1
I/SurfaceFlinger(  260): OpenGL ES informations:
I/SurfaceFlinger(  260): vendor    : Qualcomm
I/SurfaceFlinger(  260): renderer  : Adreno (TM) 330
I/SurfaceFlinger(  260): version   : OpenGL ES 3.0 V@84.0 AU@05.00.00.046.002 (CL@)
I/SurfaceFlinger(  260): extensions: GL_AMD_compressed_ATC_texture GL_AMD_performance_monitor GL_AMD_program_binary_Z400 GL_EXT_debug_label GL_EXT_debug_marker GL_EXT_discard_framebuffer GL_EXT_robustness GL_EXT_texture_format_BGRA8888 GL_EXT_texture_type_2_10_10_10_REV GL_NV_fence GL_OES_compressed_ETC1_RGB8_texture GL_OES_depth_texture GL_OES_depth24 GL_OES_EGL_image GL_OES_EGL_sync GL_OES_EGL_image_external GL_OES_element_index_uint GL_OES_fbo_render_mipmap GL_OES_fragment_precision_high GL_OES_get_program_binary GL_OES_packed_depth_stencil GL_OES_depth_texture_cube_map GL_OES_rgb8_rgba8 GL_OES_standard_derivatives GL_OES_texture_3D GL_OES_texture_float GL_OES_texture_half_float GL_OES_texture_half_float_linear GL_OES_texture_npot GL_OES_vertex_half_float GL_OES_vertex_type_10_10_10_2 GL_OES_vertex_array_object GL_QCOM_alpha_test GL_QCOM_binning_control GL_QCOM_driver_control GL_QCOM_perfmon_global_mode GL_QCOM_extended_get GL_QCOM_extended_get2 GL_QCOM_tiled_rendering GL_QCOM_writeonly_rendering GL_EXT_sRGB GL_EXT_sRGB_write_con
I/SurfaceFlinger(  260): GL_MAX_TEXTURE_SIZE = 4096
I/SurfaceFlinger(  260): GL_MAX_VIEWPORT_DIMS = 4096
D/SurfaceFlinger(  260): Set power mode=2, type=0 flinger=0xb6a62000
D/qdhwcomposer(  260): hwc_setPowerMode: Setting mode 2 on display: 0
I/qdhwcomposer(  260): handle_blank_event: dpy:0 panel power state: 1
D/qdhwcomposer(  260): hwc_setPowerMode: Done setting mode 2 on display 0
E/QSEECOMD: (  773): Init dlopen(libsecureui.so, RLTD_NOW) is failed....
E/QSEECOMD: (  773): Listener: index = 3, hierarchy = 1
D/QSEECOMAPI: (  773): QSEECom_register_listener 11 sb_length = 0x5000
E/QSEECOMD: (  773): Listener: index = 4, hierarchy = 1
D/QSEECOMAPI: (  773): QSEECom_register_listener 10 sb_length = 0x5000
I/MDMCTBK (  272): NetlinkHandler, power_supply subsys
I/MDMCTBK (  272): NetlinkHandler, usbChargerStateChanged
I/MDMCTBK (  272): checkDefaultInst, current pid is = 272
I/MDMCTBK (  272): checkDefaultInst, pid match
I/MDMCTBK (  272): MdmCutbackHndler,readFromFile = /sys/class/power_supply/usb/online
I/MDMCTBK (  272): MdmCutbackHndler,readFromFile = /sys/class/power_supply/qpnp-dc/online
V/        (  297): App_process main()
V/        (  297):  > raw arg 0 : /system/bin/ElApp_process
V/        (  297):  > raw arg 1 : /system/lib
V/        (  297):  > raw arg 2 : --zygote
V/        (  297):  > raw arg 3 : --start-system-server
V/        (  297):  > arg 0: start-system-server
V/        (  297):  > arg 1: --abi-list=armeabi-v7a,armeabi
D/DroidRuntime(  297): 
D/DroidRuntime(  297): >>>>>> DroidRuntime START "Elastos.Droid.Core.eco/Elastos.Droid.Internal.Os.CZygoteInit" <<<<<<
D/DroidRuntime(  297): Calling main entry "Elastos.Droid.Core.eco/Elastos.Droid.Internal.Os.CZygoteInit"
D/libEGL  (  780): loaded /vendor/lib/egl/libEGL_adreno.so
D/libEGL  (  780): loaded /vendor/lib/egl/libGLESv1_CM_adreno.so
D/libEGL  (  780): loaded /vendor/lib/egl/libGLESv2_adreno.so
I/Adreno-EGL(  780): <qeglDrvAPI_eglInitialize:410>: EGL 1.4 QUALCOMM build: AU_LINUX_ANDROID_LA.BF.1.1.1.C2.05.00.00.046.002_msm8974_LA.BF.1.1.1.C2__release_AU ()
I/Adreno-EGL(  780): OpenGL ES Shader Compiler Version: E031.25.03.00
I/Adreno-EGL(  780): Build Date: 01/06/15 Tue
I/Adreno-EGL(  780): Local Branch: mybranch6793908
I/Adreno-EGL(  780): Remote Branch: quic/LA.BF.1.1.1.c2
I/Adreno-EGL(  780): Local Patches: NONE
I/Adreno-EGL(  780): Reconstruct Branch: AU_LINUX_ANDROID_LA.BF.1.1.1.C2.05.00.00.046.002 +  NOTHING
E/BootAnimation(  780): couldn't find audio_conf.txt
I/CZygoteInit(  297): CZygoteInit::Main.
I/CZygoteInit(  297):   >> arg 0: start-system-server
I/CZygoteInit(  297):   >> arg 1: --abi-list=armeabi-v7a,armeabi
I/CZygoteInit(  297):  RegisterZygoteSocket: ANDROID_SOCKET_elzygote, 11, fileDesc:11
D/CZygoteInit(  297): begin preload
I/CZygoteInit(  297): Preloading resources...
I/CZygoteInit(  297): Preloading Drawables...
I/MDMCTBK (  272): NetlinkHandler, power_supply subsys
I/MDMCTBK (  272): NetlinkHandler, usbChargerStateChanged
I/MDMCTBK (  272): checkDefaultInst, current pid is = 272
I/MDMCTBK (  272): checkDefaultInst, pid match
I/MDMCTBK (  272): MdmCutbackHndler,readFromFile = /sys/class/power_supply/usb/online
I/MDMCTBK (  272): MdmCutbackHndler,readFromFile = /sys/class/power_supply/qpnp-dc/online
E/QC-QMI  (  280): qmi_ctl_rx_msg.c Can't find txn info for txn_id = 1
E/QC-QMI  (  282): qmi_client [282]: unable to connect to server, errno=[2:No such file or directory], attempt=2
E/QC-QMI  (  272): qmi_client [272]: unable to connect to server, errno=[2:No such file or directory], attempt=2
E/QC-QMI  (  418): qmi_client [418]: unable to connect to server, errno=[2:No such file or directory], attempt=2
D/SurfaceFlinger(  260): SF. shader cache generated - 26 shaders in 146.538284 ms
D/qdutils (  260): DEBUG_CALC_FPS: 0
D/qdutils (  260): period: 10
D/qdutils (  260): ignorethresh_us: 500000
I/CZygoteInit(  297): ...preloaded 430 drawables in 484 ms
I/CZygoteInit(  297): Preloading ColorStateLists...
I/CZygoteInit(  297): ...preloaded 41 color state lists in 8 ms
I/CZygoteInit(  297): Preloading opengl...
D/libEGL  (  297): loaded /vendor/lib/egl/libEGL_adreno.so
D/libEGL  (  297): loaded /vendor/lib/egl/libGLESv1_CM_adreno.so
D/libEGL  (  297): loaded /vendor/lib/egl/libGLESv2_adreno.so
D/CZygoteInit(  297): end preload
I/CZygoteInit(  297): CZygoteInit::StartSystemServer: abiList:[armeabi-v7a,armeabi], socketName:[elzygote]
I/CZygoteInit(  297): Request to fork the system server process...
I/Zygote  (  297): Zygote::ForkSystemServer
I/ServiceManager(  274): Waiting for service batterystats...
I/Zygote  (  297): System server process 790 has been created
I/CZygoteInit(  297): Request to fork the system server process done pid: 790
V/CZygoteInit(  297): Accepting command socket connections
V/CZygoteHooks(  790): Signal catcher thread started (threadid=791)
I/CZygoteInit(  790): Request to fork the system server process done pid: 0
I/CZygoteInit(  790): Handleing system server process: RuntimeInit::ZygoteInit
V/        (  790): App process: OnZygoteInit.
V/        (  790): App process: starting thread pool.
I/RuntimeInit(  790): InvokeStaticMain: Elastos.Droid.Server.eco, Elastos.Droid.Server.CSystemServer
I/libmdmdetect(  378): ESOC framework not supported
E/QC-QMI  (  378): qmi_client [378]: unable to bind to client socket, rc = -1 errno[13:Permission denied]
E/QC-QMI  (  378): qmi_qmux_if_pwr_up_init_ex:  Initialization failed, rc = -1
E/QMI_FW  (  378): QMUXD: WARNING qmi_qmux_if_pwr_up_init failed! rc=-1
I/libmdmdetect(  378): ESOC framework not supported
E/QC-QMI  (  378): qmi_client [378]: unable to bind to client socket, rc = -1 errno[13:Permission denied]
E/QC-QMI  (  378): qmi_qmux_if_pwr_up_init_ex:  Initialization failed, rc = -1
E/QMI_FW  (  378): QMUXD: WARNING qmi_qmux_if_pwr_up_init failed! rc=-1
I/libmdmdetect(  378): ESOC framework not supported
E/QC-QMI  (  378): qmi_client [378]: unable to bind to client socket, rc = -1 errno[13:Permission denied]
E/QC-QMI  (  378): qmi_qmux_if_pwr_up_init_ex:  Initialization failed, rc = -1
E/QMI_FW  (  378): QMUXD: WARNING qmi_qmux_if_pwr_up_init failed! rc=-1
I/libmdmdetect(  378): ESOC framework not supported
E/QC-QMI  (  378): qmi_client [378]: unable to bind to client socket, rc = -1 errno[13:Permission denied]
E/QC-QMI  (  378): qmi_qmux_if_pwr_up_init_ex:  Initialization failed, rc = -1
E/QMI_FW  (  378): QMUXD: WARNING qmi_qmux_if_pwr_up_init failed! rc=-1
E/QC-time-services(  378): Daemon:genoff_modem_qmi_init: qmi_client_get_service_list returned 0num_services 1
I/libmdmdetect(  378): ESOC framework not supported
E/QC-QMI  (  378): qmi_client [378]: unable to bind to client socket, rc = -1 errno[13:Permission denied]
E/QC-QMI  (  378): qmi_qmux_if_pwr_up_init_ex:  Initialization failed, rc = -1
E/QMI_FW  (  378): QMUXD: WARNING qmi_qmux_if_pwr_up_init failed! rc=-1
I/libmdmdetect(  378): ESOC framework not supported
E/QC-QMI  (  378): qmi_client [378]: unable to bind to client socket, rc = -1 errno[13:Permission denied]
E/QC-QMI  (  378): qmi_qmux_if_pwr_up_init_ex:  Initialization failed, rc = -1
E/QMI_FW  (  378): QMUXD: WARNING qmi_qmux_if_pwr_up_init failed! rc=-1
I/libmdmdetect(  378): ESOC framework not supported
E/QC-QMI  (  378): qmi_client [378]: unable to bind to client socket, rc = -1 errno[13:Permission denied]
E/QC-QMI  (  378): qmi_qmux_if_pwr_up_init_ex:  Initialization failed, rc = -1
E/QMI_FW  (  378): QMUXD: WARNING qmi_qmux_if_pwr_up_init failed! rc=-1
I/libmdmdetect(  378): ESOC framework not supported
E/QC-QMI  (  378): qmi_client [378]: unable to bind to client socket, rc = -1 errno[13:Permission denied]
E/QC-QMI  (  378): qmi_qmux_if_pwr_up_init_ex:  Initialization failed, rc = -1
E/QMI_FW  (  378): QMUXD: WARNING qmi_qmux_if_pwr_up_init failed! rc=-1
I/libmdmdetect(  378): ESOC framework not supported
E/QC-QMI  (  378): qmi_client [378]: unable to bind to client socket, rc = -1 errno[13:Permission denied]
E/QC-QMI  (  378): qmi_qmux_if_pwr_up_init_ex:  Initialization failed, rc = -1
E/QMI_FW  (  378): QMUXD: WARNING qmi_qmux_if_pwr_up_init failed! rc=-1
I/libmdmdetect(  378): ESOC framework not supported
E/QC-QMI  (  378): qmi_client [378]: unable to bind to client socket, rc = -1 errno[13:Permission denied]
E/QC-QMI  (  378): qmi_qmux_if_pwr_up_init_ex:  Initialization failed, rc = -1
E/QMI_FW  (  378): QMUXD: WARNING qmi_qmux_if_pwr_up_init failed! rc=-1
I/libmdmdetect(  378): ESOC framework not supported
E/QC-QMI  (  378): qmi_client [378]: unable to bind to client socket, rc = -1 errno[13:Permission denied]
E/QC-QMI  (  378): qmi_qmux_if_pwr_up_init_ex:  Initialization failed, rc = -1
E/QMI_FW  (  378): QMUXD: WARNING qmi_qmux_if_pwr_up_init failed! rc=-1
I/libmdmdetect(  378): ESOC framework not supported
E/QC-QMI  (  378): qmi_client [378]: unable to bind to client socket, rc = -1 errno[13:Permission denied]
E/QC-QMI  (  378): qmi_qmux_if_pwr_up_init_ex:  Initialization failed, rc = -1
E/QMI_FW  (  378): QMUXD: WARNING qmi_qmux_if_pwr_up_init failed! rc=-1
I/libmdmdetect(  378): ESOC framework not supported
E/QC-QMI  (  378): qmi_client [378]: unable to bind to client socket, rc = -1 errno[13:Permission denied]
E/QC-QMI  (  378): qmi_qmux_if_pwr_up_init_ex:  Initialization failed, rc = -1
E/QMI_FW  (  378): QMUXD: WARNING qmi_qmux_if_pwr_up_init failed! rc=-1
I/libmdmdetect(  378): ESOC framework not supported
E/QC-QMI  (  378): qmi_client [378]: unable to bind to client socket, rc = -1 errno[13:Permission denied]
E/QC-QMI  (  378): qmi_qmux_if_pwr_up_init_ex:  Initialization failed, rc = -1
E/QMI_FW  (  378): QMUXD: WARNING qmi_qmux_if_pwr_up_init failed! rc=-1
I/libmdmdetect(  378): ESOC framework not supported
E/QC-QMI  (  378): qmi_client [378]: unable to bind to client socket, rc = -1 errno[13:Permission denied]
E/QC-QMI  (  378): qmi_qmux_if_pwr_up_init_ex:  Initialization failed, rc = -1
E/QMI_FW  (  378): QMUXD: WARNING qmi_qmux_if_pwr_up_init failed! rc=-1
I/libmdmdetect(  378): ESOC framework not supported
E/QC-QMI  (  378): qmi_client [378]: unable to bind to client socket, rc = -1 errno[13:Permission denied]
E/QC-QMI  (  378): qmi_qmux_if_pwr_up_init_ex:  Initialization failed, rc = -1
E/QMI_FW  (  378): QMUXD: WARNING qmi_qmux_if_pwr_up_init failed! rc=-1
D/QC-time-services(  378): Daemon:rtc_get: Time read from RTC -- MM/DD/YY HH:MM:SS0/1/70 4:15:44
D/QC-time-services(  378): Daemon:Value read from RTC seconds = 15344000
D/QC-time-services(  378): Daemon:genoff_modem_qmi_init: Initial transaction successfull
D/QC-time-services(  378): Daemon: Time-services: All initializations done
E/QC-time-services(  378): Daemon: Time-services: Waiting to acceptconnection
E/QC-QMI  (  280): qmi_ctl_rx_msg.c Can't find txn info for txn_id = 1
E/QC-QMI  (  280): qmi_ctl_rx_msg.c Can't find txn info for txn_id = 1
E/QC-QMI  (  280): qmi_ctl_rx_msg.c Can't find txn info for txn_id = 1
E/QC-QMI  (  280): qmi_ctl_rx_msg.c Can't find txn info for txn_id = 1
E/QC-QMI  (  280): qmi_ctl_rx_msg.c Can't find txn info for txn_id = 1
E/QC-QMI  (  280): qmi_ctl_rx_msg.c Can't find txn info for txn_id = 1
E/QC-QMI  (  280): linux_qmi_qmux_io.c: Unable to open port id /dev/smdcntl9, error [13:Permission denied]
E/QC-QMI  (  280): qmi_qmux_open_connection: QMI_QMUX_IO_PLATFORM_OPEN_CONN failed -1 
E/QC-QMI  (  280): qmuxd:  Opening connection for RMNET9 failed , [DATA15_CNTL] 
E/QC-QMI  (  280): linux_qmi_qmux_io.c: Unable to open port id /dev/smdcntl10, error [13:Permission denied]
E/QC-QMI  (  280): qmi_qmux_open_connection: QMI_QMUX_IO_PLATFORM_OPEN_CONN failed -1 
E/QC-QMI  (  280): qmuxd:  Opening connection for RMNET10 failed , [DATA16_CNTL] 
E/QC-QMI  (  280): linux_qmi_qmux_io.c: Unable to open port id /dev/smdcntl11, error [13:Permission denied]
E/QC-QMI  (  280): qmi_qmux_open_connection: QMI_QMUX_IO_PLATFORM_OPEN_CONN failed -1 
E/QC-QMI  (  280): qmuxd:  Opening connection for RMNET11 failed , [DATA17_CNTL] 
E/QC-QMI  (  280): qmi_ctl_rx_msg.c Can't find txn info for txn_id = 1
E/QC-QMI  (  280): linux_qmi_qmux_if_configure_port_timeout: failed to open HSIC timeout config=/sys/devices/virtual/hsicctl/hsicctl0/modem_wait errno [2:No such file or directory]
I/CSystemServer(  790): CSystemServer::Main
I/CSystemServer(  790): Entered the Android system server!
D/SensorService(  790): nuSensorService starting...
D/SensorService(  790): nuSensorService thread starting...
D/SensorService(  790): new thread SensorEventAckReceiver
I/CSystemServer(  790): Initialize the system context.
I/CActivityThread(  790):  >>> Enter Attach <<<
D/        (  790): elastos servicemanager try getting...
D/        (  790): elastos servicemanager getted.
E/CServiceManager(  790): Failed to get service display, ec=800c0000
E/DisplayManagerGlobal(  790): GetInstance() failed to get service display
I/LoadedPkg(  790):  >> MakeApplication: packageName android, appClass Elastos.Droid.App.CApplication, classLoader:ClassLoader{0xAB5F3F10 /system/lib/Elastos.Droid.Core.eco}
I/CActivityThread(  790):  >>> Leave Attach <<<
I/CSystemServer(  790): Create the system service manager.
I/CSystemServer(  790):  === StartBootstrapServices ===
I/Installer(  790): Waiting for installd to be ready.
I/InstallerConnection(  790): connecting...
I/installd(  275): new connection
I/CSystemServer(  790): Activity manager
W/CMemInfoReader::ReadMemInfo()(  790):  === TODO CDebugis not implemented
I/CActivityManagerService(  790): Memory class: 192
I/ServiceThread(  790): Enabled StrictMode logging for CActivityManagerService looper.
I/CActivityManagerService(  790):  GetDataDirectory: dataDir: [/data], systemDir: [/data/system]
W/BatteryStatsService(  790):  === TODO constructor: BatteryStatsImpl 0xaf220224.
I/ProcessStats(  790):  TimePeriodStartClockStr: [3740-04-18-03-45-16]
E/CServiceManager(  790): Failed to get service activity, ec=800c0000
W/ActivityManagerNative(  790): GetDefault(): activity service not ready yet.
E/CServiceManager(  790): Failed to get service accessibility, ec=800c0000
E/CServiceManager(  790): Failed to get service accessibility, ec=800c0000
I/ServiceThread(  790): Enabled StrictMode logging for android.display looper.
I/CSystemServer(  790): Power manager
I/ServiceThread(  790): Enabled StrictMode logging for PowerManagerService looper.
I/QCOM PowerHAL(  790): QCOM power HAL initing.
W/libsuspend(  790): Error writing 'on' to /sys/power/state: Invalid argument
I/libsuspend(  790): Selected wakeup count
E/PowerHAL_Victara_Ext(  790): Error opening /sys/devices/system/cpu/cpufreq/interactive/go_hispeed_load: No such file or directory
I/QCOM PowerHAL(  790): Got set_interactive hint
I/CSystemServer(  790): Display manager
I/SystemServiceManager(  790): StartBootPhase 100
I/CDisplayManagerService(  790): Display device added: DisplayDeviceInfo{"Built-in Screen": 1080 x 1920, 60.0 fps, density 480, 422.03 x 424.069 dpi, touch INTERNAL, FLAG_DEFAULT_DISPLAY, FLAG_ROTATES_WITH_CONTENT, FLAG_SECURE, FLAG_SUPPORTS_PROTECTED_BUFFERS, rotation 0, type 1, address NULL}
D/CDisplayManagerService(  790):  >> AddLogicalDisplayLocked: id=0, device=0xa871b1c0, display=0xa87081a0, isDefault=1, layerStack=0
I/CSystemServer(  790): Package manager
I/CPackageManagerService(  790): >>>>>>>>>>>>>> CPackageManagerService::constructor
E/CPackageManagerService(  790): No security bridge jar found, using default
W/SystemConfig(  790): No directory /system/etc/sysconfig, skipping
I/CPackageManagerService(  790):  create CUserManagerService
I/CUserManagerService(  790):  read user list file /data/system/users/userlist.xml
I/SELinuxMMAC(  790): SELinuxMMAC::ReadInstallPolicy: (null)
I/Pm::Settings(  790): Reading package: Elastos.DevSamples.ScrollViewDemo userId=10000 sharedUserId=
I/Pm::Settings(  790): Reading package Elastos.DevSamples.ScrollViewDemo: userId=10000
I/Pm::Settings(  790): Reading package: Elastos.Droid.SettingsProvider userId= sharedUserId=1000
I/Pm::Settings(  790): Reading package Elastos.Droid.SettingsProvider: sharedUserId=1000
I/Pm::Settings(  790): Reading package: android userId= sharedUserId=1000
I/Pm::Settings(  790): Reading package android: sharedUserId=1000
D/NativeCursorWindow(  790): Created new NativeCursorWindow: freeOffset=420, numRows=0, numColumns=0, mSize=2097152, mData=0xa7700000
D/NativeCursorWindow(  790): nativeInitializeEmpty: window = 0xaae55a60
V/SQLiteStatements(  790): /data/data/Elastos.Droid.SettingsProvider/databases/settings.db: "SELECT value FROM secure WHERE name='themeConfig'"
V/SQLiteTime(  790): /data/data/Elastos.Droid.SettingsProvider/databases/settings.db: "SELECT value FROM secure WHERE name=?" took 0.000 ms
W/SQLiteConnection(  790): Processed all rows
W/SQLiteConnection(  790): Resetting statement 0xab56ccc0 after fetching 0 rows and adding 0 rowsto the window in 420 bytes
D/NativeCursorWindow(  790): Closing window 0xaae55a60
W/LruCache(  790):  >> TODO find the eldest record! size: 1
W/LruCache(  790):  >> TODO find the eldest record! size: 0
V/SQLiteConnection(  790): Closing connection 0xab5e5a00
D/CPackageManagerService(  790): No files in app dir /vendor/overlay
D/CPackageManagerService(  790): Scanning app dir /system/framework scanFlags=418 flags=193
D/CPackageManagerService(  790): ScanPackageLI Parsing: /system/framework/framework-res.apk
E/QC-QMI  (  280): qmi_qmux_open_connection: connection is disabled for conn_id=29
E/QC-QMI  (  280): qmi_qmux_tx_msg: failed to open inactive connd_id=29
E/QC-QMI  (  280): qmi_qmux: TX failed, connection inactive or in reset, conn_id=29, status_flags=4
E/QC-QMI  (  280): qmi_ctl_tx_msg: qmi_qmux_tx_msg failed
E/QC-QMI  (  280): qmi_ctl_handle_request: qmi_ctl_tx_msg call failed
E/QC-QMI  (  280): qmi_qmux_open_connection: connection is disabled for conn_id=29
E/QC-QMI  (  280): qmi_qmux_tx_msg: failed to open inactive connd_id=29
E/QC-QMI  (  280): qmi_qmux: TX failed, connection inactive or in reset, conn_id=29, status_flags=4
E/QC-QMI  (  280): qmi_ctl_tx_msg: qmi_qmux_tx_msg failed
E/QC-QMI  (  280): qmi_ctl_handle_request: qmi_ctl_tx_msg call failed
E/QC-QMI  (  280): qmi_qmux_open_connection: connection is disabled for conn_id=29
E/QC-QMI  (  280): qmi_qmux_tx_msg: failed to open inactive connd_id=29
E/QC-QMI  (  280): qmi_qmux: TX failed, connection inactive or in reset, conn_id=29, status_flags=4
E/QC-QMI  (  280): qmi_ctl_tx_msg: qmi_qmux_tx_msg failed
E/QC-QMI  (  280): qmi_ctl_handle_request: qmi_ctl_tx_msg call failed
E/QC-QMI  (  280): qmi_qmux_open_connection: connection is disabled for conn_id=48
E/QC-QMI  (  280): qmi_qmux_tx_msg: failed to open inactive connd_id=48
E/QC-QMI  (  280): qmi_qmux: TX failed, connection inactive or in reset, conn_id=48, status_flags=4
E/QC-QMI  (  280): qmi_ctl_tx_msg: qmi_qmux_tx_msg failed
E/QC-QMI  (  280): qmi_ctl_handle_request: qmi_ctl_tx_msg call failed
E/QC-QMI  (  280): qmi_qmux_open_connection: connection is disabled for conn_id=48
E/QC-QMI  (  280): qmi_qmux_tx_msg: failed to open inactive connd_id=48
E/QC-QMI  (  280): qmi_qmux: TX failed, connection inactive or in reset, conn_id=48, status_flags=4
E/QC-QMI  (  280): qmi_ctl_tx_msg: qmi_qmux_tx_msg failed
E/QC-QMI  (  280): qmi_ctl_handle_request: qmi_ctl_tx_msg call failed
E/QC-QMI  (  280): qmi_qmux_open_connection: connection is disabled for conn_id=57
E/QC-QMI  (  280): qmi_qmux_tx_msg: failed to open inactive connd_id=57
E/QC-QMI  (  280): qmi_qmux: TX failed, connection inactive or in reset, conn_id=57, status_flags=4
E/QC-QMI  (  280): qmi_ctl_tx_msg: qmi_qmux_tx_msg failed
E/QC-QMI  (  280): qmi_ctl_handle_request: qmi_ctl_tx_msg call failed
E/QC-QMI  (  280): qmi_qmux_open_connection: connection is disabled for conn_id=57
E/QC-QMI  (  280): qmi_qmux_tx_msg: failed to open inactive connd_id=57
E/QC-QMI  (  280): qmi_qmux: TX failed, connection inactive or in reset, conn_id=57, status_flags=4
E/QC-QMI  (  280): qmi_ctl_tx_msg: qmi_qmux_tx_msg failed
E/QC-QMI  (  280): qmi_ctl_handle_request: qmi_ctl_tx_msg call failed
E/QC-QMI  (  280): qmi_qmux:  Sending sys indication=18 to qmux_client_id=0x1 on conn_id=0
E/QC-QMI  (  280): qmi_qmux:  Sending sys indication=18 to qmux_client_id=0x0 on conn_id=0
E/QC-QMI  (  280): qmi_qmux_open_connection: connection is disabled for conn_id=29
E/QC-QMI  (  280): qmi_qmux_tx_msg: failed to open inactive connd_id=29
E/QC-QMI  (  280): qmi_qmux: TX failed, connection inactive or in reset, conn_id=29, status_flags=4
E/QC-QMI  (  280): qmi_ctl_tx_msg: qmi_qmux_tx_msg failed
E/QC-QMI  (  280): qmi_ctl_handle_request: qmi_ctl_tx_msg call failed
E/QC-QMI  (  280): qmi_qmux_open_connection: connection is disabled for conn_id=29
E/QC-QMI  (  280): qmi_qmux_tx_msg: failed to open inactive connd_id=29
E/QC-QMI  (  280): qmi_qmux: TX failed, connection inactive or in reset, conn_id=29, status_flags=4
E/QC-QMI  (  280): qmi_ctl_tx_msg: qmi_qmux_tx_msg failed
E/QC-QMI  (  280): qmi_ctl_handle_request: qmi_ctl_tx_msg call failed
E/QC-QMI  (  280): qmi_qmux_open_connection: connection is disabled for conn_id=48
E/QC-QMI  (  280): qmi_qmux_tx_msg: failed to open inactive connd_id=48
E/QC-QMI  (  280): qmi_qmux: TX failed, connection inactive or in reset, conn_id=48, status_flags=4
E/QC-QMI  (  280): qmi_ctl_tx_msg: qmi_qmux_tx_msg failed
E/QC-QMI  (  280): qmi_ctl_handle_request: qmi_ctl_tx_msg call failed
E/QC-QMI  (  280): qmi_qmux_open_connection: connection is disabled for conn_id=48
E/QC-QMI  (  280): qmi_qmux_tx_msg: failed to open inactive connd_id=48
E/QC-QMI  (  280): qmi_qmux: TX failed, connection inactive or in reset, conn_id=48, status_flags=4
E/QC-QMI  (  280): qmi_ctl_tx_msg: qmi_qmux_tx_msg failed
E/QC-QMI  (  280): qmi_ctl_handle_request: qmi_ctl_tx_msg call failed
E/QC-QMI  (  280): qmi_qmux_open_connection: connection is disabled for conn_id=57
E/QC-QMI  (  280): qmi_qmux_tx_msg: failed to open inactive connd_id=57
E/QC-QMI  (  280): qmi_qmux: TX failed, connection inactive or in reset, conn_id=57, status_flags=4
E/QC-QMI  (  280): qmi_ctl_tx_msg: qmi_qmux_tx_msg failed
E/QC-QMI  (  280): qmi_ctl_handle_request: qmi_ctl_tx_msg call failed
E/QC-QMI  (  280): qmi_qmux_open_connection: connection is disabled for conn_id=57
E/QC-QMI  (  280): qmi_qmux_tx_msg: failed to open inactive connd_id=57
E/QC-QMI  (  280): qmi_qmux: TX failed, connection inactive or in reset, conn_id=57, status_flags=4
E/QC-QMI  (  280): qmi_ctl_tx_msg: qmi_qmux_tx_msg failed
E/QC-QMI  (  280): qmi_ctl_handle_request: qmi_ctl_tx_msg call failed
E/QC-QMI  (  280): qmi_qmux_open_connection: connection is disabled for conn_id=29
E/QC-QMI  (  280): qmi_qmux_tx_msg: failed to open inactive connd_id=29
E/QC-QMI  (  280): qmi_qmux: TX failed, connection inactive or in reset, conn_id=29, status_flags=4
E/QC-QMI  (  280): qmi_ctl_tx_msg: qmi_qmux_tx_msg failed
E/QC-QMI  (  280): qmi_ctl_handle_request: qmi_ctl_tx_msg call failed
E/QC-QMI  (  272): qmi_client [272] 1: failed to locate client data
E/QC-QMI  (  280): qmi_qmux_open_connection: connection is disabled for conn_id=29
E/QC-QMI  (  280): qmi_qmux_tx_msg: failed to open inactive connd_id=29
E/QC-QMI  (  280): qmi_qmux: TX failed, connection inactive or in reset, conn_id=29, status_flags=4
E/QC-QMI  (  280): qmi_ctl_tx_msg: qmi_qmux_tx_msg failed
E/QC-QMI  (  280): qmi_ctl_handle_request: qmi_ctl_tx_msg call failed
I/libmdmdetect(  272): ESOC framework not supported
E/QC-QMI  (  280): qmi_qmux_open_connection: connection is disabled for conn_id=29
E/QC-QMI  (  280): qmi_qmux_tx_msg: failed to open inactive connd_id=29
E/QC-QMI  (  280): qmi_qmux: TX failed, connection inactive or in reset, conn_id=29, status_flags=4
E/QC-QMI  (  280): qmi_ctl_tx_msg: qmi_qmux_tx_msg failed
E/QC-QMI  (  280): qmi_ctl_handle_request: qmi_ctl_tx_msg call failed
E/QC-QMI  (  280): qmuxd: RX on fd=23 returned error=0 errno[2:No such file or directory]
E/QC-QMI  (  280): QMUX qmux_client_id=1 not found in qmux client list, unable to remove
E/QC-QMI  (  280): qmi_qmux_open_connection: connection is disabled for conn_id=29
E/QC-QMI  (  280): qmi_qmux_tx_msg: failed to open inactive connd_id=29
E/QC-QMI  (  280): qmi_qmux: TX failed, connection inactive or in reset, conn_id=29, status_flags=4
E/QC-QMI  (  280): qmi_ctl_tx_msg: qmi_qmux_tx_msg failed
E/QC-QMI  (  280): qmi_ctl_handle_request: qmi_ctl_tx_msg call failed
E/QC-QMI  (  280): qmi_qmux_open_connection: connection is disabled for conn_id=48
E/QC-QMI  (  280): qmi_qmux_tx_msg: failed to open inactive connd_id=48
E/QC-QMI  (  280): qmi_qmux: TX failed, connection inactive or in reset, conn_id=48, status_flags=4
E/QC-QMI  (  280): qmi_ctl_tx_msg: qmi_qmux_tx_msg failed
E/QC-QMI  (  280): qmi_ctl_handle_request: qmi_ctl_tx_msg call failed
E/QC-QMI  (  280): qmi_qmux_open_connection: connection is disabled for conn_id=29
E/QC-QMI  (  280): qmi_qmux_tx_msg: failed to open inactive connd_id=29
E/QC-QMI  (  280): qmi_qmux: TX failed, connection inactive or in reset, conn_id=29, status_flags=4
E/QC-QMI  (  280): qmi_ctl_tx_msg: qmi_qmux_tx_msg failed
E/QC-QMI  (  280): qmi_ctl_handle_request: qmi_ctl_tx_msg call failed
E/QC-QMI  (  280): qmi_qmux_open_connection: connection is disabled for conn_id=48
E/QC-QMI  (  280): qmi_qmux_tx_msg: failed to open inactive connd_id=48
E/QC-QMI  (  280): qmi_qmux: TX failed, connection inactive or in reset, conn_id=48, status_flags=4
E/QC-QMI  (  280): qmi_ctl_tx_msg: qmi_qmux_tx_msg failed
E/QC-QMI  (  280): qmi_ctl_handle_request: qmi_ctl_tx_msg call failed
E/QC-QMI  (  280): qmi_qmux_open_connection: connection is disabled for conn_id=48
E/QC-QMI  (  280): qmi_qmux_tx_msg: failed to open inactive connd_id=48
E/QC-QMI  (  280): qmi_qmux: TX failed, connection inactive or in reset, conn_id=48, status_flags=4
E/QC-QMI  (  280): qmi_ctl_tx_msg: qmi_qmux_tx_msg failed
E/QC-QMI  (  280): qmi_ctl_handle_request: qmi_ctl_tx_msg call failed
E/QC-QMI  (  280): qmi_qmux_open_connection: connection is disabled for conn_id=57
E/QC-QMI  (  280): qmi_qmux_tx_msg: failed to open inactive connd_id=57
E/QC-QMI  (  280): qmi_qmux: TX failed, connection inactive or in reset, conn_id=57, status_flags=4
E/QC-QMI  (  280): qmi_ctl_tx_msg: qmi_qmux_tx_msg failed
E/QC-QMI  (  280): qmi_ctl_handle_request: qmi_ctl_tx_msg call failed
E/QC-QMI  (  280): qmi_qmux_open_connection: connection is disabled for conn_id=57
E/QC-QMI  (  280): qmi_qmux_tx_msg: failed to open inactive connd_id=57
E/QC-QMI  (  280): qmi_qmux: TX failed, connection inactive or in reset, conn_id=57, status_flags=4
E/QC-QMI  (  280): qmi_ctl_tx_msg: qmi_qmux_tx_msg failed
E/QC-QMI  (  280): qmi_ctl_handle_request: qmi_ctl_tx_msg call failed
E/QC-QMI  (  280): qmi_qmux_open_connection: connection is disabled for conn_id=48
E/QC-QMI  (  280): qmi_qmux_tx_msg: failed to open inactive connd_id=48
E/QC-QMI  (  280): qmi_qmux: TX failed, connection inactive or in reset, conn_id=48, status_flags=4
E/QC-QMI  (  280): qmi_ctl_tx_msg: qmi_qmux_tx_msg failed
E/QC-QMI  (  280): qmi_ctl_handle_request: qmi_ctl_tx_msg call failed
E/QC-QMI  (  280): qmi_qmux_open_connection: connection is disabled for conn_id=29
E/QC-QMI  (  280): qmi_qmux_tx_msg: failed to open inactive connd_id=29
E/QC-QMI  (  280): qmi_qmux: TX failed, connection inactive or in reset, conn_id=29, status_flags=4
E/QC-QMI  (  280): qmi_ctl_tx_msg: qmi_qmux_tx_msg failed
E/QC-QMI  (  280): qmi_ctl_handle_request: qmi_ctl_tx_msg call failed
E/QC-QMI  (  280): qmi_qmux_open_connection: connection is disabled for conn_id=57
E/QC-QMI  (  280): qmi_qmux_tx_msg: failed to open inactive connd_id=57
E/QC-QMI  (  280): qmi_qmux: TX failed, connection inactive or in reset, conn_id=57, status_flags=4
E/QC-QMI  (  280): qmi_ctl_tx_msg: qmi_qmux_tx_msg failed
E/QC-QMI  (  280): qmi_ctl_handle_request: qmi_ctl_tx_msg call failed
E/QC-QMI  (  280): qmi_qmux_open_connection: connection is disabled for conn_id=29
E/QC-QMI  (  280): qmi_qmux_tx_msg: failed to open inactive connd_id=29
E/QC-QMI  (  280): qmi_qmux: TX failed, connection inactive or in reset, conn_id=29, status_flags=4
E/QC-QMI  (  280): qmi_ctl_tx_msg: qmi_qmux_tx_msg failed
E/QC-QMI  (  280): qmi_ctl_handle_request: qmi_ctl_tx_msg call failed
E/QC-QMI  (  280): qmi_qmux_open_connection: connection is disabled for conn_id=57
E/QC-QMI  (  280): qmi_qmux_tx_msg: failed to open inactive connd_id=57
E/QC-QMI  (  280): qmi_qmux: TX failed, connection inactive or in reset, conn_id=57, status_flags=4
E/QC-QMI  (  280): qmi_ctl_tx_msg: qmi_qmux_tx_msg failed
E/QC-QMI  (  280): qmi_ctl_handle_request: qmi_ctl_tx_msg call failed
E/QC-QMI  (  280): qmi_qmux_open_connection: connection is disabled for conn_id=48
E/QC-QMI  (  280): qmi_qmux_tx_msg: failed to open inactive connd_id=48
E/QC-QMI  (  280): qmi_qmux: TX failed, connection inactive or in reset, conn_id=48, status_flags=4
E/QC-QMI  (  280): qmi_ctl_tx_msg: qmi_qmux_tx_msg failed
E/QC-QMI  (  280): qmi_ctl_handle_request: qmi_ctl_tx_msg call failed
E/QC-QMI  (  280): qmi_qmux_open_connection: connection is disabled for conn_id=29
E/QC-QMI  (  280): qmi_qmux_tx_msg: failed to open inactive connd_id=29
E/QC-QMI  (  280): qmi_qmux: TX failed, connection inactive or in reset, conn_id=29, status_flags=4
E/QC-QMI  (  280): qmi_ctl_tx_msg: qmi_qmux_tx_msg failed
E/QC-QMI  (  280): qmi_ctl_handle_request: qmi_ctl_tx_msg call failed
E/QC-QMI  (  280): qmi_qmux_open_connection: connection is disabled for conn_id=48
E/QC-QMI  (  280): qmi_qmux_tx_msg: failed to open inactive connd_id=48
E/QC-QMI  (  280): qmi_qmux: TX failed, connection inactive or in reset, conn_id=48, status_flags=4
E/QC-QMI  (  280): qmi_ctl_tx_msg: qmi_qmux_tx_msg failed
E/QC-QMI  (  280): qmi_ctl_handle_request: qmi_ctl_tx_msg call failed
E/QC-QMI  (  280): qmi_qmux_open_connection: connection is disabled for conn_id=29
E/QC-QMI  (  280): qmi_qmux_tx_msg: failed to open inactive connd_id=29
E/QC-QMI  (  280): qmi_qmux: TX failed, connection inactive or in reset, conn_id=29, status_flags=4
E/QC-QMI  (  280): qmi_ctl_tx_msg: qmi_qmux_tx_msg failed
E/QC-QMI  (  280): qmi_ctl_handle_request: qmi_ctl_tx_msg call failed
E/QC-QMI  (  280): qmi_qmux_open_connection: connection is disabled for conn_id=57
E/QC-QMI  (  280): qmi_qmux_tx_msg: failed to open inactive connd_id=57
E/QC-QMI  (  280): qmi_qmux: TX failed, connection inactive or in reset, conn_id=57, status_flags=4
E/QC-QMI  (  280): qmi_ctl_tx_msg: qmi_qmux_tx_msg failed
E/QC-QMI  (  280): qmi_ctl_handle_request: qmi_ctl_tx_msg call failed
E/QC-QMI  (  280): qmi_qmux_open_connection: connection is disabled for conn_id=48
E/QC-QMI  (  280): qmi_qmux_tx_msg: failed to open inactive connd_id=48
E/QC-QMI  (  280): qmi_qmux: TX failed, connection inactive or in reset, conn_id=48, status_flags=4
E/QC-QMI  (  280): qmi_ctl_tx_msg: qmi_qmux_tx_msg failed
E/QC-QMI  (  280): qmi_ctl_handle_request: qmi_ctl_tx_msg call failed
E/QC-QMI  (  280): qmi_qmux_open_connection: connection is disabled for conn_id=57
E/QC-QMI  (  280): qmi_qmux_tx_msg: failed to open inactive connd_id=57
E/QC-QMI  (  280): qmi_qmux: TX failed, connection inactive or in reset, conn_id=57, status_flags=4
E/QC-QMI  (  280): qmi_ctl_tx_msg: qmi_qmux_tx_msg failed
E/QC-QMI  (  280): qmi_ctl_handle_request: qmi_ctl_tx_msg call failed
E/QC-QMI  (  280): qmi_qmux_open_connection: connection is disabled for conn_id=48
E/QC-QMI  (  280): qmi_qmux_tx_msg: failed to open inactive connd_id=48
E/QC-QMI  (  280): qmi_qmux: TX failed, connection inactive or in reset, conn_id=48, status_flags=4
E/QC-QMI  (  280): qmi_ctl_tx_msg: qmi_qmux_tx_msg failed
E/QC-QMI  (  280): qmi_ctl_handle_request: qmi_ctl_tx_msg call failed
E/QC-QMI  (  280): qmi_qmux_open_connection: connection is disabled for conn_id=29
E/QC-QMI  (  280): qmi_qmux_tx_msg: failed to open inactive connd_id=29
E/QC-QMI  (  280): qmi_qmux: TX failed, connection inactive or in reset, conn_id=29, status_flags=4
E/QC-QMI  (  280): qmi_ctl_tx_msg: qmi_qmux_tx_msg failed
E/QC-QMI  (  280): qmi_ctl_handle_request: qmi_ctl_tx_msg call failed
E/QC-QMI  (  280): qmi_qmux_open_connection: connection is disabled for conn_id=57
E/QC-QMI  (  280): qmi_qmux_tx_msg: failed to open inactive connd_id=57
E/QC-QMI  (  280): qmi_qmux: TX failed, connection inactive or in reset, conn_id=57, status_flags=4
E/QC-QMI  (  280): qmi_ctl_tx_msg: qmi_qmux_tx_msg failed
E/QC-QMI  (  280): qmi_ctl_handle_request: qmi_ctl_tx_msg call failed
E/QC-QMI  (  280): qmi_qmux_open_connection: connection is disabled for conn_id=29
E/QC-QMI  (  280): qmi_qmux_tx_msg: failed to open inactive connd_id=29
E/QC-QMI  (  280): qmi_qmux: TX failed, connection inactive or in reset, conn_id=29, status_flags=4
E/QC-QMI  (  280): qmi_ctl_tx_msg: qmi_qmux_tx_msg failed
E/QC-QMI  (  280): qmi_ctl_handle_request: qmi_ctl_tx_msg call failed
E/QC-QMI  (  280): qmi_qmux_open_connection: connection is disabled for conn_id=57
E/QC-QMI  (  280): qmi_qmux_tx_msg: failed to open inactive connd_id=57
E/QC-QMI  (  280): qmi_qmux: TX failed, connection inactive or in reset, conn_id=57, status_flags=4
E/QC-QMI  (  280): qmi_ctl_tx_msg: qmi_qmux_tx_msg failed
E/QC-QMI  (  280): qmi_ctl_handle_request: qmi_ctl_tx_msg call failed
E/QC-QMI  (  280): qmi_qmux_open_connection: connection is disabled for conn_id=48
E/QC-QMI  (  280): qmi_qmux_tx_msg: failed to open inactive connd_id=48
E/QC-QMI  (  280): qmi_qmux: TX failed, connection inactive or in reset, conn_id=48, status_flags=4
E/QC-QMI  (  280): qmi_ctl_tx_msg: qmi_qmux_tx_msg failed
E/QC-QMI  (  280): qmi_ctl_handle_request: qmi_ctl_tx_msg call failed
E/QC-QMI  (  280): qmi_qmux_open_connection: connection is disabled for conn_id=29
E/QC-QMI  (  280): qmi_qmux_tx_msg: failed to open inactive connd_id=29
E/QC-QMI  (  280): qmi_qmux: TX failed, connection inactive or in reset, conn_id=29, status_flags=4
E/QC-QMI  (  280): qmi_ctl_tx_msg: qmi_qmux_tx_msg failed
E/QC-QMI  (  280): qmi_ctl_handle_request: qmi_ctl_tx_msg call failed
E/QC-QMI  (  280): qmi_qmux_open_connection: connection is disabled for conn_id=48
E/QC-QMI  (  280): qmi_qmux_tx_msg: failed to open inactive connd_id=48
E/QC-QMI  (  280): qmi_qmux: TX failed, connection inactive or in reset, conn_id=48, status_flags=4
E/QC-QMI  (  280): qmi_ctl_tx_msg: qmi_qmux_tx_msg failed
E/QC-QMI  (  280): qmi_ctl_handle_request: qmi_ctl_tx_msg call failed
E/QC-QMI  (  280): qmi_qmux_open_connection: connection is disabled for conn_id=29
E/QC-QMI  (  280): qmi_qmux_tx_msg: failed to open inactive connd_id=29
E/QC-QMI  (  280): qmi_qmux: TX failed, connection inactive or in reset, conn_id=29, status_flags=4
E/QC-QMI  (  280): qmi_ctl_tx_msg: qmi_qmux_tx_msg failed
E/QC-QMI  (  280): qmi_ctl_handle_request: qmi_ctl_tx_msg call failed
E/QC-QMI  (  280): qmi_qmux_open_connection: connection is disabled for conn_id=57
E/QC-QMI  (  280): qmi_qmux_tx_msg: failed to open inactive connd_id=57
E/QC-QMI  (  280): qmi_qmux: TX failed, connection inactive or in reset, conn_id=57, status_flags=4
E/QC-QMI  (  280): qmi_ctl_tx_msg: qmi_qmux_tx_msg failed
E/QC-QMI  (  280): qmi_ctl_handle_request: qmi_ctl_tx_msg call failed
E/QC-QMI  (  280): qmi_qmux_open_connection: connection is disabled for conn_id=48
E/QC-QMI  (  280): qmi_qmux_tx_msg: failed to open inactive connd_id=48
E/QC-QMI  (  280): qmi_qmux: TX failed, connection inactive or in reset, conn_id=48, status_flags=4
E/QC-QMI  (  280): qmi_ctl_tx_msg: qmi_qmux_tx_msg failed
E/QC-QMI  (  280): qmi_ctl_handle_request: qmi_ctl_tx_msg call failed
E/QC-QMI  (  280): qmi_qmux_open_connection: connection is disabled for conn_id=57
E/QC-QMI  (  280): qmi_qmux_tx_msg: failed to open inactive connd_id=57
E/QC-QMI  (  280): qmi_qmux: TX failed, connection inactive or in reset, conn_id=57, status_flags=4
E/QC-QMI  (  280): qmi_ctl_tx_msg: qmi_qmux_tx_msg failed
E/QC-QMI  (  280): qmi_ctl_handle_request: qmi_ctl_tx_msg call failed
E/QC-QMI  (  280): qmi_qmux_open_connection: connection is disabled for conn_id=48
E/QC-QMI  (  280): qmi_qmux_tx_msg: failed to open inactive connd_id=48
E/QC-QMI  (  280): qmi_qmux: TX failed, connection inactive or in reset, conn_id=48, status_flags=4
E/QC-QMI  (  280): qmi_ctl_tx_msg: qmi_qmux_tx_msg failed
E/QC-QMI  (  280): qmi_ctl_handle_request: qmi_ctl_tx_msg call failed
E/QC-QMI  (  280): qmi_qmux_open_connection: connection is disabled for conn_id=29
E/QC-QMI  (  280): qmi_qmux_tx_msg: failed to open inactive connd_id=29
E/QC-QMI  (  280): qmi_qmux: TX failed, connection inactive or in reset, conn_id=29, status_flags=4
E/QC-QMI  (  280): qmi_ctl_tx_msg: qmi_qmux_tx_msg failed
E/QC-QMI  (  280): qmi_ctl_handle_request: qmi_ctl_tx_msg call failed
E/QC-QMI  (  280): qmi_qmux_open_connection: connection is disabled for conn_id=57
E/QC-QMI  (  280): qmi_qmux_tx_msg: failed to open inactive connd_id=57
E/QC-QMI  (  280): qmi_qmux: TX failed, connection inactive or in reset, conn_id=57, status_flags=4
E/QC-QMI  (  280): qmi_ctl_tx_msg: qmi_qmux_tx_msg failed
E/QC-QMI  (  280): qmi_ctl_handle_request: qmi_ctl_tx_msg call failed
E/QC-QMI  (  280): qmi_qmux_open_connection: connection is disabled for conn_id=29
E/QC-QMI  (  280): qmi_qmux_tx_msg: failed to open inactive connd_id=29
E/QC-QMI  (  280): qmi_qmux: TX failed, connection inactive or in reset, conn_id=29, status_flags=4
E/QC-QMI  (  280): qmi_ctl_tx_msg: qmi_qmux_tx_msg failed
E/QC-QMI  (  280): qmi_ctl_handle_request: qmi_ctl_tx_msg call failed
E/QC-QMI  (  280): qmi_qmux_open_connection: connection is disabled for conn_id=57
E/QC-QMI  (  280): qmi_qmux_tx_msg: failed to open inactive connd_id=57
E/QC-QMI  (  280): qmi_qmux: TX failed, connection inactive or in reset, conn_id=57, status_flags=4
E/QC-QMI  (  280): qmi_ctl_tx_msg: qmi_qmux_tx_msg failed
E/QC-QMI  (  280): qmi_ctl_handle_request: qmi_ctl_tx_msg call failed
E/QC-QMI  (  280): qmi_qmux_open_connection: connection is disabled for conn_id=48
E/QC-QMI  (  280): qmi_qmux_tx_msg: failed to open inactive connd_id=48
E/QC-QMI  (  280): qmi_qmux: TX failed, connection inactive or in reset, conn_id=48, status_flags=4
E/QC-QMI  (  280): qmi_ctl_tx_msg: qmi_qmux_tx_msg failed
E/QC-QMI  (  280): qmi_ctl_handle_request: qmi_ctl_tx_msg call failed
E/QC-QMI  (  280): qmi_qmux_open_connection: connection is disabled for conn_id=48
E/QC-QMI  (  280): qmi_qmux_tx_msg: failed to open inactive connd_id=48
E/QC-QMI  (  280): qmi_qmux: TX failed, connection inactive or in reset, conn_id=48, status_flags=4
E/QC-QMI  (  280): qmi_ctl_tx_msg: qmi_qmux_tx_msg failed
E/QC-QMI  (  280): qmi_ctl_handle_request: qmi_ctl_tx_msg call failed
E/QC-QMI  (  280): qmi_qmux_open_connection: connection is disabled for conn_id=29
E/QC-QMI  (  280): qmi_qmux_tx_msg: failed to open inactive connd_id=29
E/QC-QMI  (  280): qmi_qmux: TX failed, connection inactive or in reset, conn_id=29, status_flags=4
E/QC-QMI  (  280): qmi_ctl_tx_msg: qmi_qmux_tx_msg failed
E/QC-QMI  (  280): qmi_ctl_handle_request: qmi_ctl_tx_msg call failed
E/QC-QMI  (  280): qmi_qmux_open_connection: connection is disabled for conn_id=57
E/QC-QMI  (  280): qmi_qmux_tx_msg: failed to open inactive connd_id=57
E/QC-QMI  (  280): qmi_qmux: TX failed, connection inactive or in reset, conn_id=57, status_flags=4
E/QC-QMI  (  280): qmi_ctl_tx_msg: qmi_qmux_tx_msg failed
E/QC-QMI  (  280): qmi_ctl_handle_request: qmi_ctl_tx_msg call failed
E/QC-QMI  (  280): qmi_qmux_open_connection: connection is disabled for conn_id=57
